Archive member included to satisfy reference by file (symbol)

c:/users/lap tech/appdata/roaming/xpacks/@xpack-dev-tools/arm-none-eabi-gcc/10.3.1-2.3.1/.content/bin/../lib/gcc/arm-none-eabi/10.3.1/thumb/v7e-m+fp/softfp\libgcc.a(_aeabi_uldivmod.o)
                              system\src\stm32f4-hal\stm32f4xx_hal_rcc.o (__aeabi_uldivmod)
c:/users/lap tech/appdata/roaming/xpacks/@xpack-dev-tools/arm-none-eabi-gcc/10.3.1-2.3.1/.content/bin/../lib/gcc/arm-none-eabi/10.3.1/thumb/v7e-m+fp/softfp\libgcc.a(_udivmoddi4.o)
                              c:/users/lap tech/appdata/roaming/xpacks/@xpack-dev-tools/arm-none-eabi-gcc/10.3.1-2.3.1/.content/bin/../lib/gcc/arm-none-eabi/10.3.1/thumb/v7e-m+fp/softfp\libgcc.a(_aeabi_uldivmod.o) (__udivmoddi4)
c:/users/lap tech/appdata/roaming/xpacks/@xpack-dev-tools/arm-none-eabi-gcc/10.3.1-2.3.1/.content/bin/../lib/gcc/arm-none-eabi/10.3.1/thumb/v7e-m+fp/softfp\libgcc.a(_dvmd_tls.o)
                              c:/users/lap tech/appdata/roaming/xpacks/@xpack-dev-tools/arm-none-eabi-gcc/10.3.1-2.3.1/.content/bin/../lib/gcc/arm-none-eabi/10.3.1/thumb/v7e-m+fp/softfp\libgcc.a(_aeabi_uldivmod.o) (__aeabi_ldiv0)
c:/users/lap tech/appdata/roaming/xpacks/@xpack-dev-tools/arm-none-eabi-gcc/10.3.1-2.3.1/.content/bin/../lib/gcc/arm-none-eabi/10.3.1/../../../../arm-none-eabi/lib/thumb/v7e-m+fp/softfp\libg_nano.a(lib_a-ctype_.o)
                              system\src\newlib\syscalls.o (_ctype_)
c:/users/lap tech/appdata/roaming/xpacks/@xpack-dev-tools/arm-none-eabi-gcc/10.3.1-2.3.1/.content/bin/../lib/gcc/arm-none-eabi/10.3.1/../../../../arm-none-eabi/lib/thumb/v7e-m+fp/softfp\libg_nano.a(lib_a-errno.o)
                              system\src\newlib\sbrk.o (__errno)
c:/users/lap tech/appdata/roaming/xpacks/@xpack-dev-tools/arm-none-eabi-gcc/10.3.1-2.3.1/.content/bin/../lib/gcc/arm-none-eabi/10.3.1/../../../../arm-none-eabi/lib/thumb/v7e-m+fp/softfp\libg_nano.a(lib_a-exit.o)
                              src\main.o (exit)
c:/users/lap tech/appdata/roaming/xpacks/@xpack-dev-tools/arm-none-eabi-gcc/10.3.1-2.3.1/.content/bin/../lib/gcc/arm-none-eabi/10.3.1/../../../../arm-none-eabi/lib/thumb/v7e-m+fp/softfp\libg_nano.a(lib_a-findfp.o)
                              system\src\newlib\syscalls.o (__sinit)
c:/users/lap tech/appdata/roaming/xpacks/@xpack-dev-tools/arm-none-eabi-gcc/10.3.1-2.3.1/.content/bin/../lib/gcc/arm-none-eabi/10.3.1/../../../../arm-none-eabi/lib/thumb/v7e-m+fp/softfp\libg_nano.a(lib_a-fwalk.o)
                              c:/users/lap tech/appdata/roaming/xpacks/@xpack-dev-tools/arm-none-eabi-gcc/10.3.1-2.3.1/.content/bin/../lib/gcc/arm-none-eabi/10.3.1/../../../../arm-none-eabi/lib/thumb/v7e-m+fp/softfp\libg_nano.a(lib_a-findfp.o) (_fwalk)
c:/users/lap tech/appdata/roaming/xpacks/@xpack-dev-tools/arm-none-eabi-gcc/10.3.1-2.3.1/.content/bin/../lib/gcc/arm-none-eabi/10.3.1/../../../../arm-none-eabi/lib/thumb/v7e-m+fp/softfp\libg_nano.a(lib_a-impure.o)
                              c:/users/lap tech/appdata/roaming/xpacks/@xpack-dev-tools/arm-none-eabi-gcc/10.3.1-2.3.1/.content/bin/../lib/gcc/arm-none-eabi/10.3.1/../../../../arm-none-eabi/lib/thumb/v7e-m+fp/softfp\libg_nano.a(lib_a-exit.o) (_global_impure_ptr)
c:/users/lap tech/appdata/roaming/xpacks/@xpack-dev-tools/arm-none-eabi-gcc/10.3.1-2.3.1/.content/bin/../lib/gcc/arm-none-eabi/10.3.1/../../../../arm-none-eabi/lib/thumb/v7e-m+fp/softfp\libg_nano.a(lib_a-lock.o)
                              c:/users/lap tech/appdata/roaming/xpacks/@xpack-dev-tools/arm-none-eabi-gcc/10.3.1-2.3.1/.content/bin/../lib/gcc/arm-none-eabi/10.3.1/../../../../arm-none-eabi/lib/thumb/v7e-m+fp/softfp\libg_nano.a(lib_a-findfp.o) (__retarget_lock_init_recursive)
c:/users/lap tech/appdata/roaming/xpacks/@xpack-dev-tools/arm-none-eabi-gcc/10.3.1-2.3.1/.content/bin/../lib/gcc/arm-none-eabi/10.3.1/../../../../arm-none-eabi/lib/thumb/v7e-m+fp/softfp\libg_nano.a(lib_a-memcpy-stub.o)
                              FreeRTOS Source\queue.o (memcpy)
c:/users/lap tech/appdata/roaming/xpacks/@xpack-dev-tools/arm-none-eabi-gcc/10.3.1-2.3.1/.content/bin/../lib/gcc/arm-none-eabi/10.3.1/../../../../arm-none-eabi/lib/thumb/v7e-m+fp/softfp\libg_nano.a(lib_a-memset.o)
                              FreeRTOS Source\tasks.o (memset)
c:/users/lap tech/appdata/roaming/xpacks/@xpack-dev-tools/arm-none-eabi-gcc/10.3.1-2.3.1/.content/bin/../lib/gcc/arm-none-eabi/10.3.1/../../../../arm-none-eabi/lib/thumb/v7e-m+fp/softfp\libg_nano.a(lib_a-nano-mallocr.o)
                              c:/users/lap tech/appdata/roaming/xpacks/@xpack-dev-tools/arm-none-eabi-gcc/10.3.1-2.3.1/.content/bin/../lib/gcc/arm-none-eabi/10.3.1/../../../../arm-none-eabi/lib/thumb/v7e-m+fp/softfp\libg_nano.a(lib_a-findfp.o) (_malloc_r)
c:/users/lap tech/appdata/roaming/xpacks/@xpack-dev-tools/arm-none-eabi-gcc/10.3.1-2.3.1/.content/bin/../lib/gcc/arm-none-eabi/10.3.1/../../../../arm-none-eabi/lib/thumb/v7e-m+fp/softfp\libg_nano.a(lib_a-printf.o)
[...]
Memory Configuration

Name             Origin             Length             Attributes
RAM              0x0000000020000000 0x0000000000020000 xrw
CCMRAM           0x0000000010000000 0x0000000000010000 xrw
FLASH            0x0000000008000000 0x0000000000100000 xr
FLASHB1          0x0000000000000000 0x0000000000000000 xr
EXTMEMB0         0x0000000000000000 0x0000000000000000 xr
EXTMEMB1         0x0000000000000000 0x0000000000000000 xr
EXTMEMB2         0x0000000000000000 0x0000000000000000 xr
EXTMEMB3         0x0000000000000000 0x0000000000000000 xr
MEMORY_ARRAY     0x0000000020002000 0x0000000000000020 xrw
*default*        0x0000000000000000 0xffffffffffffffff

Linker script and memory map

LOAD FreeRTOS Source\croutine.o
LOAD FreeRTOS Source\event_groups.o
LOAD FreeRTOS Source\list.o
LOAD FreeRTOS Source\portable\GCC\ARM_CM4F\port.o
LOAD FreeRTOS Source\portable\MemMang\heap_4.o
LOAD FreeRTOS Source\queue.o
LOAD FreeRTOS Source\tasks.o
LOAD FreeRTOS Source\timers.o
LOAD src\initialize-hardware.o
LOAD src\led.o
LOAD src\main.o
LOAD src\stm32f4xx_hal_msp.o
LOAD src\write.o
LOAD system\src\cmsis\system_stm32f4xx.o
LOAD system\src\cmsis\vectors_stm32f407xx.o
LOAD system\src\cortexm\exception-handlers.o
LOAD system\src\cortexm\initialize-hardware.o
LOAD system\src\cortexm\reset-hardware.o
LOAD system\src\diag\trace-impl.o
LOAD system\src\diag\trace.o
LOAD system\src\newlib\assert.o
LOAD system\src\newlib\cxx.o
LOAD system\src\newlib\exit.o
LOAD system\src\newlib\sbrk.o
LOAD system\src\newlib\startup.o
LOAD system\src\newlib\syscalls.o
LOAD system\src\stm32f4-hal\stm32f4xx_hal.o
LOAD system\src\stm32f4-hal\stm32f4xx_hal_cortex.o
LOAD system\src\stm32f4-hal\stm32f4xx_hal_flash.o
LOAD system\src\stm32f4-hal\stm32f4xx_hal_flash_ex.o
LOAD system\src\stm32f4-hal\stm32f4xx_hal_flash_ramfunc.o
LOAD system\src\stm32f4-hal\stm32f4xx_hal_gpio.o
LOAD system\src\stm32f4-hal\stm32f4xx_hal_iwdg.o
LOAD system\src\stm32f4-hal\stm32f4xx_hal_pwr.o
LOAD system\src\stm32f4-hal\stm32f4xx_hal_rcc.o
LOAD c:/users/lap tech/appdata/roaming/xpacks/@xpack-dev-tools/arm-none-eabi-gcc/10.3.1-2.3.1/.content/bin/../lib/gcc/arm-none-eabi/10.3.1/../../../../arm-none-eabi/lib/thumb/v7e-m+fp/softfp\libstdc++_nano.a
LOAD c:/users/lap tech/appdata/roaming/xpacks/@xpack-dev-tools/arm-none-eabi-gcc/10.3.1-2.3.1/.content/bin/../lib/gcc/arm-none-eabi/10.3.1/../../../../arm-none-eabi/lib/thumb/v7e-m+fp/softfp\libm.a
START GROUP
LOAD c:/users/lap tech/appdata/roaming/xpacks/@xpack-dev-tools/arm-none-eabi-gcc/10.3.1-2.3.1/.content/bin/../lib/gcc/arm-none-eabi/10.3.1/thumb/v7e-m+fp/softfp\libgcc.a
LOAD c:/users/lap tech/appdata/roaming/xpacks/@xpack-dev-tools/arm-none-eabi-gcc/10.3.1-2.3.1/.content/bin/../lib/gcc/arm-none-eabi/10.3.1/../../../../arm-none-eabi/lib/thumb/v7e-m+fp/softfp\libg_nano.a
LOAD c:/users/lap tech/appdata/roaming/xpacks/@xpack-dev-tools/arm-none-eabi-gcc/10.3.1-2.3.1/.content/bin/../lib/gcc/arm-none-eabi/10.3.1/../../../../arm-none-eabi/lib/thumb/v7e-m+fp/softfp\libc_nano.a
END GROUP
START GROUP
LOAD c:/users/lap tech/appdata/roaming/xpacks/@xpack-dev-tools/arm-none-eabi-gcc/10.3.1-2.3.1/.content/bin/../lib/gcc/arm-none-eabi/10.3.1/thumb/v7e-m+fp/softfp\libgcc.a
LOAD c:/users/lap tech/appdata/roaming/xpacks/@xpack-dev-tools/arm-none-eabi-gcc/10.3.1-2.3.1/.content/bin/../lib/gcc/arm-none-eabi/10.3.1/../../../../arm-none-eabi/lib/thumb/v7e-m+fp/softfp\libc_nano.a
END GROUP
                0x0000000020020000                __stack = (ORIGIN (RAM) + LENGTH (RAM))
                0x0000000020020000                _estack = __stack
                0x0000000000000400                __Main_Stack_Size = 0x400
                [!provide]                        PROVIDE (_Main_Stack_Size = __Main_Stack_Size)
                0x000000002001fc00                __Main_Stack_Limit = (__stack - __Main_Stack_Size)
                [!provide]                        PROVIDE (_Main_Stack_Limit = __Main_Stack_Limit)
                0x0000000000000100                _Minimum_Stack_Size = 0x100
                0x0000000020013018                PROVIDE (_Heap_Begin = _end_noinit)
                0x000000002001fc00                PROVIDE (_Heap_Limit = (__stack - __Main_Stack_Size))

.isr_vector     0x0000000008000000      0x3e8
 FILL mask 0xff
                0x0000000008000000                __vectors_start = ABSOLUTE (.)
                0x0000000008000000                __vectors_start__ = ABSOLUTE (.)
 *(.isr_vector)
 .isr_vector    0x0000000008000000      0x188 system\src\cmsis\vectors_stm32f407xx.o
                0x0000000008000000                __isr_vectors
 *(.cfmconfig)
 *(.after_vectors .after_vectors.*)
 .after_vectors
                0x0000000008000188        0x4 system\src\cmsis\vectors_stm32f407xx.o
                0x0000000008000188                RTC_Alarm_IRQHandler
                0x0000000008000188                HASH_RNG_IRQHandler
                0x0000000008000188                EXTI2_IRQHandler
                0x0000000008000188                TIM8_CC_IRQHandler
                0x0000000008000188                TIM1_CC_IRQHandler
                0x0000000008000188                DMA2_Stream5_IRQHandler
                0x0000000008000188                DMA1_Stream5_IRQHandler
                0x0000000008000188                PVD_IRQHandler
                0x0000000008000188                SDIO_IRQHandler
                0x0000000008000188                TAMP_STAMP_IRQHandler
                0x0000000008000188                CAN2_RX1_IRQHandler
                0x0000000008000188                EXTI3_IRQHandler
                0x0000000008000188                TIM8_TRG_COM_TIM14_IRQHandler
                0x0000000008000188                TIM1_UP_TIM10_IRQHandler
                0x0000000008000188                TIM8_UP_TIM13_IRQHandler
                0x0000000008000188                I2C3_ER_IRQHandler
                0x0000000008000188                EXTI0_IRQHandler
                0x0000000008000188                I2C2_EV_IRQHandler
                0x0000000008000188                DMA1_Stream2_IRQHandler
                0x0000000008000188                CAN1_RX0_IRQHandler
                0x0000000008000188                FPU_IRQHandler
                0x0000000008000188                OTG_HS_WKUP_IRQHandler
                0x0000000008000188                CAN2_SCE_IRQHandler
                0x0000000008000188                DMA2_Stream2_IRQHandler
                0x0000000008000188                SPI1_IRQHandler
                0x0000000008000188                TIM6_DAC_IRQHandler
                0x0000000008000188                TIM1_BRK_TIM9_IRQHandler
                0x0000000008000188                DCMI_IRQHandler
                0x0000000008000188                CAN2_RX0_IRQHandler
                0x0000000008000188                DMA2_Stream3_IRQHandler
                0x0000000008000188                USART6_IRQHandler
                0x0000000008000188                USART3_IRQHandler
                0x0000000008000188                CAN1_RX1_IRQHandler
                0x0000000008000188                UART5_IRQHandler
                0x0000000008000188                DMA2_Stream0_IRQHandler
                0x0000000008000188                TIM4_IRQHandler
                0x0000000008000188                I2C1_EV_IRQHandler
                0x0000000008000188                DMA1_Stream6_IRQHandler
                0x0000000008000188                DMA1_Stream1_IRQHandler
                0x0000000008000188                UART4_IRQHandler
                0x0000000008000188                TIM3_IRQHandler
                0x0000000008000188                RCC_IRQHandler
                0x0000000008000188                TIM8_BRK_TIM12_IRQHandler
                0x0000000008000188                Default_Handler
                0x0000000008000188                EXTI15_10_IRQHandler
                0x0000000008000188                ADC_IRQHandler
                0x0000000008000188                DMA1_Stream7_IRQHandler
                0x0000000008000188                TIM7_IRQHandler
                0x0000000008000188                CAN2_TX_IRQHandler
                0x0000000008000188                TIM5_IRQHandler
                0x0000000008000188                DMA2_Stream7_IRQHandler
                0x0000000008000188                I2C3_EV_IRQHandler
                0x0000000008000188                EXTI9_5_IRQHandler
                0x0000000008000188                RTC_WKUP_IRQHandler
                0x0000000008000188                ETH_WKUP_IRQHandler
                0x0000000008000188                SPI2_IRQHandler
                0x0000000008000188                OTG_HS_EP1_IN_IRQHandler
                0x0000000008000188                DMA1_Stream0_IRQHandler
                0x0000000008000188                CAN1_TX_IRQHandler
                0x0000000008000188                EXTI4_IRQHandler
                0x0000000008000188                ETH_IRQHandler
                0x0000000008000188                OTG_HS_EP1_OUT_IRQHandler
                0x0000000008000188                WWDG_IRQHandler
                0x0000000008000188                TIM2_IRQHandler
                0x0000000008000188                OTG_FS_WKUP_IRQHandler
                0x0000000008000188                TIM1_TRG_COM_TIM11_IRQHandler
                0x0000000008000188                OTG_HS_IRQHandler
                0x0000000008000188                EXTI1_IRQHandler
                0x0000000008000188                USART2_IRQHandler
                0x0000000008000188                I2C2_ER_IRQHandler
                0x0000000008000188                DMA2_Stream1_IRQHandler
                0x0000000008000188                CAN1_SCE_IRQHandler
                0x0000000008000188                FLASH_IRQHandler
                0x0000000008000188                DMA2_Stream4_IRQHandler
                0x0000000008000188                USART1_IRQHandler
                0x0000000008000188                OTG_FS_IRQHandler
                0x0000000008000188                SPI3_IRQHandler
                0x0000000008000188                DMA1_Stream4_IRQHandler
                0x0000000008000188                I2C1_ER_IRQHandler
                0x0000000008000188                FMC_IRQHandler
                0x0000000008000188                DMA2_Stream6_IRQHandler
                0x0000000008000188                DMA1_Stream3_IRQHandler
 .after_vectors
                0x000000000800018c      0x12c system\src\cortexm\exception-handlers.o
                0x000000000800018c                Reset_Handler
                0x0000000008000192                NMI_Handler
                0x0000000008000196                HardFault_Handler
                0x00000000080001aa                HardFault_Handler_C
                0x0000000008000208                MemManage_Handler
                0x000000000800020c                BusFault_Handler
                0x0000000008000220                BusFault_Handler_C
                0x0000000008000254                UsageFault_Handler
                0x0000000008000268                UsageFault_Handler_C
                0x00000000080002a0                DebugMon_Handler
 .after_vectors
                0x00000000080002b8      0x130 system\src\newlib\startup.o
                0x00000000080002b8                _start

.inits          0x00000000080003e8       0x28
                0x00000000080003e8                __data_regions_array_start = .
                0x00000000080003e8        0x4 LONG 0x8005710 LOADADDR (.data)
                0x00000000080003ec        0x4 LONG 0x20000000 ADDR (.data)
                0x00000000080003f0        0x4 LONG 0x2000007c (ADDR (.data) + SIZEOF (.data))
                0x00000000080003f4        0x4 LONG 0x8005710 LOADADDR (.data_CCMRAM)
                0x00000000080003f8        0x4 LONG 0x10000000 ADDR (.data_CCMRAM)
                0x00000000080003fc        0x4 LONG 0x10000000 (ADDR (.data_CCMRAM) + SIZEOF (.data_CCMRAM))
                0x0000000008000400                __data_regions_array_end = .
                0x0000000008000400                __bss_regions_array_start = .
                0x0000000008000400        0x4 LONG 0x2000007c ADDR (.bss)
                0x0000000008000404        0x4 LONG 0x20013018 (ADDR (.bss) + SIZEOF (.bss))
                0x0000000008000408        0x4 LONG 0x10000000 ADDR (.bss_CCMRAM)
                0x000000000800040c        0x4 LONG 0x10000000 (ADDR (.bss_CCMRAM) + SIZEOF (.bss_CCMRAM))
                0x0000000008000410                __bss_regions_array_end = .
 *(.init)
 *(.fini)
                0x0000000008000410                . = ALIGN (0x4)
                0x0000000008000410                PROVIDE (__preinit_array_start = .)
 *(.preinit_array_sysinit .preinit_array_sysinit.*)
 *(.preinit_array_platform .preinit_array_platform.*)
 *(.preinit_array .preinit_array.*)
                0x0000000008000410                PROVIDE (__preinit_array_end = .)
                0x0000000008000410                . = ALIGN (0x4)
                0x0000000008000410                PROVIDE (__init_array_start = .)
 *(SORT_BY_NAME(.init_array.*))
 *(.init_array)
                0x0000000008000410                PROVIDE (__init_array_end = .)
                0x0000000008000410                . = ALIGN (0x4)
                0x0000000008000410                PROVIDE (__fini_array_start = .)
 *(SORT_BY_NAME(.fini_array.*))
 *(.fini_array)
                0x0000000008000410                PROVIDE (__fini_array_end = .)

.flashtext
 *(.flashtext .flashtext.*)

.text           0x0000000008000410     0x52f6
 *(.text .text.*)
 .text.vListInitialise
                0x0000000008000410       0x16 FreeRTOS Source\list.o
                0x0000000008000410                vListInitialise
 .text.vListInitialiseItem
                0x0000000008000426        0x6 FreeRTOS Source\list.o
                0x0000000008000426                vListInitialiseItem
 .text.vListInsertEnd
                0x000000000800042c       0x16 FreeRTOS Source\list.o
                0x000000000800042c                vListInsertEnd
 .text.vListInsert
                0x0000000008000442       0x32 FreeRTOS Source\list.o
                0x0000000008000442                vListInsert
 .text.uxListRemove
                0x0000000008000474       0x24 FreeRTOS Source\list.o
                0x0000000008000474                uxListRemove
 .text.prvTaskExitError
                0x0000000008000498       0x34 FreeRTOS Source\portable\GCC\ARM_CM4F\port.o
 .text.prvPortStartFirstTask
                0x00000000080004cc       0x20 FreeRTOS Source\portable\GCC\ARM_CM4F\port.o
 .text.pxPortInitialiseStack
                0x00000000080004ec       0x2c FreeRTOS Source\portable\GCC\ARM_CM4F\port.o
                0x00000000080004ec                pxPortInitialiseStack
 *fill*         0x0000000008000518        0x8 
 .text.SVC_Handler
                0x0000000008000520       0x24 FreeRTOS Source\portable\GCC\ARM_CM4F\port.o
                0x0000000008000520                SVC_Handler
 .text.vPortEndScheduler
                0x0000000008000544       0x24 FreeRTOS Source\portable\GCC\ARM_CM4F\port.o
                0x0000000008000544                vPortEndScheduler
 .text.vPortEnterCritical
                0x0000000008000568       0x44 FreeRTOS Source\portable\GCC\ARM_CM4F\port.o
                0x0000000008000568                vPortEnterCritical
 .text.vPortExitCritical
                0x00000000080005ac       0x2c FreeRTOS Source\portable\GCC\ARM_CM4F\port.o
                0x00000000080005ac                vPortExitCritical
 *fill*         0x00000000080005d8        0x8 
 .text.PendSV_Handler
                0x00000000080005e0       0x64 FreeRTOS Source\portable\GCC\ARM_CM4F\port.o
                0x00000000080005e0                PendSV_Handler
 .text.SysTick_Handler
                0x0000000008000644       0x2c FreeRTOS Source\portable\GCC\ARM_CM4F\port.o
                0x0000000008000644                SysTick_Handler
 .text.vPortSetupTimerInterrupt
                0x0000000008000670       0x24 FreeRTOS Source\portable\GCC\ARM_CM4F\port.o
                0x0000000008000670                vPortSetupTimerInterrupt
 .text.xPortStartScheduler
                0x0000000008000694       0xf4 FreeRTOS Source\portable\GCC\ARM_CM4F\port.o
                0x0000000008000694                xPortStartScheduler
 .text.vPortValidateInterruptPriority
                0x0000000008000788       0x5c FreeRTOS Source\portable\GCC\ARM_CM4F\port.o
                0x0000000008000788                vPortValidateInterruptPriority
 .text.prvHeapInit
                0x00000000080007e4       0x64 FreeRTOS Source\portable\MemMang\heap_4.o
 .text.prvInsertBlockIntoFreeList
                0x0000000008000848       0x64 FreeRTOS Source\portable\MemMang\heap_4.o
 .text.pvPortMalloc
                0x00000000080008ac      0x104 FreeRTOS Source\portable\MemMang\heap_4.o
                0x00000000080008ac                pvPortMalloc
 .text.vPortFree
                0x00000000080009b0       0x70 FreeRTOS Source\portable\MemMang\heap_4.o
                0x00000000080009b0                vPortFree
 .text.xPortGetFreeHeapSize
                0x0000000008000a20        0xc FreeRTOS Source\portable\MemMang\heap_4.o
                0x0000000008000a20                xPortGetFreeHeapSize
 .text.prvIsQueueFull
                0x0000000008000a2c       0x1e FreeRTOS Source\queue.o
 .text.prvIsQueueEmpty
                0x0000000008000a4a       0x1a FreeRTOS Source\queue.o
 .text.prvCopyDataToQueue
                0x0000000008000a64       0x76 FreeRTOS Source\queue.o
 .text.prvCopyDataFromQueue
                0x0000000008000ada       0x24 FreeRTOS Source\queue.o
 .text.prvUnlockQueue
                0x0000000008000afe       0x6e FreeRTOS Source\queue.o
 .text.xQueueGenericReset
                0x0000000008000b6c       0x84 FreeRTOS Source\queue.o
                0x0000000008000b6c                xQueueGenericReset
 .text.prvInitialiseNewQueue
                0x0000000008000bf0       0x22 FreeRTOS Source\queue.o
 .text.xQueueGenericCreate
                0x0000000008000c12       0x48 FreeRTOS Source\queue.o
                0x0000000008000c12                xQueueGenericCreate
 .text.xQueueGenericSend
                0x0000000008000c5a      0x188 FreeRTOS Source\queue.o
                0x0000000008000c5a                xQueueGenericSend
 .text.xQueueGenericSendFromISR
                0x0000000008000de2       0xcc FreeRTOS Source\queue.o
                0x0000000008000de2                xQueueGenericSendFromISR
 .text.xQueueGenericReceive
                0x0000000008000eae      0x1ba FreeRTOS Source\queue.o
                0x0000000008000eae                xQueueGenericReceive
 .text.vQueueAddToRegistry
                0x0000000008001068       0x28 FreeRTOS Source\queue.o
                0x0000000008001068                vQueueAddToRegistry
 .text.vQueueWaitForMessageRestricted
                0x0000000008001090       0x52 FreeRTOS Source\queue.o
                0x0000000008001090                vQueueWaitForMessageRestricted
 *fill*         0x00000000080010e2        0x2 
 .text.prvResetNextTaskUnblockTime
                0x00000000080010e4       0x2c FreeRTOS Source\tasks.o
 .text.prvDeleteTCB
                0x0000000008001110       0x12 FreeRTOS Source\tasks.o
 .text.prvInitialiseNewTask
                0x0000000008001122       0x9c FreeRTOS Source\tasks.o
 *fill*         0x00000000080011be        0x2 
 .text.prvInitialiseTaskLists
                0x00000000080011c0       0x68 FreeRTOS Source\tasks.o
 .text.prvAddNewTaskToReadyList
                0x0000000008001228       0xac FreeRTOS Source\tasks.o
 .text.prvAddCurrentTaskToDelayedList
                0x00000000080012d4       0x98 FreeRTOS Source\tasks.o
 .text.xTaskCreate
                0x000000000800136c       0x64 FreeRTOS Source\tasks.o
                0x000000000800136c                xTaskCreate
 .text.vTaskStartScheduler
                0x00000000080013d0       0x84 FreeRTOS Source\tasks.o
                0x00000000080013d0                vTaskStartScheduler
 .text.vTaskEndScheduler
                0x0000000008001454       0x24 FreeRTOS Source\tasks.o
                0x0000000008001454                vTaskEndScheduler
 .text.vTaskSuspendAll
                0x0000000008001478       0x10 FreeRTOS Source\tasks.o
                0x0000000008001478                vTaskSuspendAll
 .text.xTaskGetTickCount
                0x0000000008001488        0xc FreeRTOS Source\tasks.o
                0x0000000008001488                xTaskGetTickCount
 .text.xTaskIncrementTick
                0x0000000008001494      0x128 FreeRTOS Source\tasks.o
                0x0000000008001494                xTaskIncrementTick
 .text.xTaskResumeAll
                0x00000000080015bc       0xf8 FreeRTOS Source\tasks.o
                0x00000000080015bc                xTaskResumeAll
 .text.prvCheckTasksWaitingTermination
                0x00000000080016b4       0x5c FreeRTOS Source\tasks.o
 .text.prvIdleTask
                0x0000000008001710       0x30 FreeRTOS Source\tasks.o
 .text.vTaskSwitchContext
                0x0000000008001740       0xcc FreeRTOS Source\tasks.o
                0x0000000008001740                vTaskSwitchContext
 .text.vTaskPlaceOnEventList
                0x000000000800180c       0x30 FreeRTOS Source\tasks.o
                0x000000000800180c                vTaskPlaceOnEventList
 .text.vTaskPlaceOnEventListRestricted
                0x000000000800183c       0x38 FreeRTOS Source\tasks.o
                0x000000000800183c                vTaskPlaceOnEventListRestricted
 .text.xTaskRemoveFromEventList
                0x0000000008001874       0x8c FreeRTOS Source\tasks.o
                0x0000000008001874                xTaskRemoveFromEventList
 .text.vTaskSetTimeOutState
                0x0000000008001900       0x2c FreeRTOS Source\tasks.o
                0x0000000008001900                vTaskSetTimeOutState
 .text.xTaskCheckForTimeOut
                0x000000000800192c       0x80 FreeRTOS Source\tasks.o
                0x000000000800192c                xTaskCheckForTimeOut
 .text.vTaskMissedYield
                0x00000000080019ac        0xc FreeRTOS Source\tasks.o
                0x00000000080019ac                vTaskMissedYield
 .text.xTaskGetSchedulerState
                0x00000000080019b8       0x20 FreeRTOS Source\tasks.o
                0x00000000080019b8                xTaskGetSchedulerState
 .text.vTaskPriorityInherit
                0x00000000080019d8       0xa0 FreeRTOS Source\tasks.o
                0x00000000080019d8                vTaskPriorityInherit
 .text.xTaskPriorityDisinherit
                0x0000000008001a78       0xb4 FreeRTOS Source\tasks.o
                0x0000000008001a78                xTaskPriorityDisinherit
 .text.pvTaskIncrementMutexHeldCount
                0x0000000008001b2c       0x1c FreeRTOS Source\tasks.o
                0x0000000008001b2c                pvTaskIncrementMutexHeldCount
 .text.prvGetNextExpireTime
                0x0000000008001b48       0x20 FreeRTOS Source\timers.o
 .text.prvInsertTimerInActiveList
                0x0000000008001b68       0x48 FreeRTOS Source\timers.o
 .text.prvCheckForValidListAndQueue
                0x0000000008001bb0       0x5c FreeRTOS Source\timers.o
 .text.prvInitialiseNewTimer
                0x0000000008001c0c       0x40 FreeRTOS Source\timers.o
 .text.xTimerCreateTimerTask
                0x0000000008001c4c       0x50 FreeRTOS Source\timers.o
                0x0000000008001c4c                xTimerCreateTimerTask
 .text.xTimerCreate
                0x0000000008001c9c       0x32 FreeRTOS Source\timers.o
                0x0000000008001c9c                xTimerCreate
 *fill*         0x0000000008001cce        0x2 
 .text.xTimerGenericCommand
                0x0000000008001cd0       0x6c FreeRTOS Source\timers.o
                0x0000000008001cd0                xTimerGenericCommand
 .text.prvSwitchTimerLists
                0x0000000008001d3c       0x78 FreeRTOS Source\timers.o
 .text.prvSampleTimeNow
                0x0000000008001db4       0x2c FreeRTOS Source\timers.o
 .text.prvProcessExpiredTimer
                0x0000000008001de0       0x60 FreeRTOS Source\timers.o
 .text.prvProcessTimerOrBlockTask
                0x0000000008001e40       0x74 FreeRTOS Source\timers.o
 .text.prvProcessReceivedCommands
                0x0000000008001eb4       0xe0 FreeRTOS Source\timers.o
 .text.prvTimerTask
                0x0000000008001f94       0x16 FreeRTOS Source\timers.o
 *fill*         0x0000000008001faa        0x2 
 .text.SystemClock_Config
                0x0000000008001fac       0xa0 src\initialize-hardware.o
                0x0000000008001fac                SystemClock_Config
 .text.__initialize_hardware
                0x000000000800204c       0x10 src\initialize-hardware.o
                0x000000000800204c                __initialize_hardware
 .text.assert_failed
                0x000000000800205c       0x14 src\initialize-hardware.o
                0x000000000800205c                assert_failed
 .text.Sender2_TimerCallback
                0x0000000008002070       0x18 src\main.o
 .text.Sender1_TimerCallback
                0x0000000008002088       0x18 src\main.o
 .text.SenderTask1
                0x00000000080020a0       0x74 src\main.o
                0x00000000080020a0                SenderTask1
 .text.SenderTask2
                0x0000000008002114       0x74 src\main.o
                0x0000000008002114                SenderTask2
 .text.ReceiverTask
                0x0000000008002188       0x58 src\main.o
                0x0000000008002188                ReceiverTask
 .text.Reset_fun
                0x00000000080021e0      0x15c src\main.o
                0x00000000080021e0                Reset_fun
 .text.main     0x000000000800233c      0x1b4 src\main.o
                0x000000000800233c                main
 .text.Receiver_TimerCallback
                0x00000000080024f0       0x2c src\main.o
 .text.vApplicationMallocFailedHook
                0x000000000800251c        0x2 src\main.o
                0x000000000800251c                vApplicationMallocFailedHook
 .text.vApplicationStackOverflowHook
                0x000000000800251e        0x2 src\main.o
                0x000000000800251e                vApplicationStackOverflowHook
 .text.vApplicationIdleHook
                0x0000000008002520       0x12 src\main.o
                0x0000000008002520                vApplicationIdleHook
 .text.vApplicationTickHook
                0x0000000008002532        0x2 src\main.o
                0x0000000008002532                vApplicationTickHook
 .text.HAL_MspInit
                0x0000000008002534        0x2 src\stm32f4xx_hal_msp.o
                0x0000000008002534                HAL_MspInit
 *fill*         0x0000000008002536        0x2 
 .text.SystemInit
                0x0000000008002538       0x10 system\src\cmsis\system_stm32f4xx.o
                0x0000000008002538                SystemInit
 .text.SystemCoreClockUpdate
                0x0000000008002548       0xa0 system\src\cmsis\system_stm32f4xx.o
                0x0000000008002548                SystemCoreClockUpdate
 .text.dumpExceptionStack
                0x00000000080025e8       0xf4 system\src\cortexm\exception-handlers.o
                0x00000000080025e8                dumpExceptionStack
 .text.isSemihosting
                0x00000000080026dc      0x100 system\src\cortexm\exception-handlers.o
                0x00000000080026dc                isSemihosting
 .text.__initialize_hardware_early
                0x00000000080027dc       0x18 system\src\cortexm\initialize-hardware.o
                0x00000000080027dc                __initialize_hardware_early
 .text._trace_write_semihosting_debug
                0x00000000080027f4       0x62 system\src\diag\trace-impl.o
 .text.trace_write
                0x0000000008002856        0x8 system\src\diag\trace-impl.o
                0x0000000008002856                trace_write
 *fill*         0x000000000800285e        0x2 
 .text.trace_printf
                0x0000000008002860       0x34 system\src\diag\trace.o
                0x0000000008002860                trace_printf
 .text.trace_puts
                0x0000000008002894       0x20 system\src\diag\trace.o
                0x0000000008002894                trace_puts
 .text.__assert_func
                0x00000000080028b4       0x38 system\src\newlib\assert.o
                0x00000000080028b4                __assert_func
 .text.abort    0x00000000080028ec       0x14 system\src\newlib\exit.o
                0x00000000080028ec                abort
 .text._sbrk    0x0000000008002900       0x44 system\src\newlib\sbrk.o
                0x0000000008002900                _sbrk
 .text.get_errno
                0x0000000008002944       0x12 system\src\newlib\syscalls.o
 .text.error    0x0000000008002956       0x14 system\src\newlib\syscalls.o
 .text.checkerror
                0x000000000800296a       0x10 system\src\newlib\syscalls.o
 *fill*         0x000000000800297a        0x2 
 .text.findslot
                0x000000000800297c       0x3c system\src\newlib\syscalls.o
 .text._exit    0x00000000080029b8       0x20 system\src\newlib\syscalls.o
                0x00000000080029b8                _exit
 .text.initialise_monitor_handles
                0x00000000080029d8       0xa8 system\src\newlib\syscalls.o
                0x00000000080029d8                initialise_monitor_handles
 .text.__initialize_args
                0x0000000008002a80       0xc0 system\src\newlib\syscalls.o
                0x0000000008002a80                __initialize_args
 .text._swiread
                0x0000000008002b40       0x20 system\src\newlib\syscalls.o
                0x0000000008002b40                _swiread
 .text._read    0x0000000008002b60       0x36 system\src\newlib\syscalls.o
                0x0000000008002b60                _read
 .text._swilseek
                0x0000000008002b96       0x96 system\src\newlib\syscalls.o
                0x0000000008002b96                _swilseek
 .text._lseek   0x0000000008002c2c        0x8 system\src\newlib\syscalls.o
                0x0000000008002c2c                _lseek
 .text._swiwrite
                0x0000000008002c34       0x20 system\src\newlib\syscalls.o
                0x0000000008002c34                _swiwrite
 .text._write   0x0000000008002c54       0x46 system\src\newlib\syscalls.o
                0x0000000008002c54                _write
 .text._swiclose
                0x0000000008002c9a       0x1c system\src\newlib\syscalls.o
                0x0000000008002c9a                _swiclose
 *fill*         0x0000000008002cb6        0x2 
 .text._close   0x0000000008002cb8       0x48 system\src\newlib\syscalls.o
                0x0000000008002cb8                _close
 .text._swistat
                0x0000000008002d00       0x44 system\src\newlib\syscalls.o
                0x0000000008002d00                _swistat
 .text._fstat   0x0000000008002d44       0x1a system\src\newlib\syscalls.o
                0x0000000008002d44                _fstat
 .text._gettimeofday
                0x0000000008002d5e       0x28 system\src\newlib\syscalls.o
                0x0000000008002d5e                _gettimeofday
 .text._isatty  0x0000000008002d86       0x36 system\src\newlib\syscalls.o
                0x0000000008002d86                _isatty
 .text.HAL_InitTick
                0x0000000008002dbc       0x4c system\src\stm32f4-hal\stm32f4xx_hal.o
                0x0000000008002dbc                HAL_InitTick
 .text.HAL_Init
                0x0000000008002e08       0x34 system\src\stm32f4-hal\stm32f4xx_hal.o
                0x0000000008002e08                HAL_Init
 .text.HAL_GetTick
                0x0000000008002e3c        0xc system\src\stm32f4-hal\stm32f4xx_hal.o
                0x0000000008002e3c                HAL_GetTick
 .text.HAL_NVIC_SetPriorityGrouping
                0x0000000008002e48       0x3c system\src\stm32f4-hal\stm32f4xx_hal_cortex.o
                0x0000000008002e48                HAL_NVIC_SetPriorityGrouping
 .text.HAL_NVIC_SetPriority
                0x0000000008002e84       0x8c system\src\stm32f4-hal\stm32f4xx_hal_cortex.o
                0x0000000008002e84                HAL_NVIC_SetPriority
 .text.HAL_SYSTICK_Config
                0x0000000008002f10       0x28 system\src\stm32f4-hal\stm32f4xx_hal_cortex.o
                0x0000000008002f10                HAL_SYSTICK_Config
 .text.HAL_SYSTICK_CLKSourceConfig
                0x0000000008002f38       0x3c system\src\stm32f4-hal\stm32f4xx_hal_cortex.o
                0x0000000008002f38                HAL_SYSTICK_CLKSourceConfig
 .text.HAL_RCC_OscConfig
                0x0000000008002f74      0x4f0 system\src\stm32f4-hal\stm32f4xx_hal_rcc.o
                0x0000000008002f74                HAL_RCC_OscConfig
 .text.HAL_RCC_GetSysClockFreq
                0x0000000008003464       0xd4 system\src\stm32f4-hal\stm32f4xx_hal_rcc.o
                0x0000000008003464                HAL_RCC_GetSysClockFreq
 .text.HAL_RCC_ClockConfig
                0x0000000008003538      0x21c system\src\stm32f4-hal\stm32f4xx_hal_rcc.o
                0x0000000008003538                HAL_RCC_ClockConfig
 .text.HAL_RCC_GetHCLKFreq
                0x0000000008003754        0xc system\src\stm32f4-hal\stm32f4xx_hal_rcc.o
                0x0000000008003754                HAL_RCC_GetHCLKFreq
 .text          0x0000000008003760       0x30 c:/users/lap tech/appdata/roaming/xpacks/@xpack-dev-tools/arm-none-eabi-gcc/10.3.1-2.3.1/.content/bin/../lib/gcc/arm-none-eabi/10.3.1/thumb/v7e-m+fp/softfp\libgcc.a(_aeabi_uldivmod.o)
                0x0000000008003760                __aeabi_uldivmod
 .text.__udivmoddi4
                0x0000000008003790      0x2d0 c:/users/lap tech/appdata/roaming/xpacks/@xpack-dev-tools/arm-none-eabi-gcc/10.3.1-2.3.1/.content/bin/../lib/gcc/arm-none-eabi/10.3.1/thumb/v7e-m+fp/softfp\libgcc.a(_udivmoddi4.o)
                0x0000000008003790                __udivmoddi4
 .text          0x0000000008003a60        0x4 c:/users/lap tech/appdata/roaming/xpacks/@xpack-dev-tools/arm-none-eabi-gcc/10.3.1-2.3.1/.content/bin/../lib/gcc/arm-none-eabi/10.3.1/thumb/v7e-m+fp/softfp\libgcc.a(_dvmd_tls.o)
                0x0000000008003a60                __aeabi_idiv0
                0x0000000008003a60                __aeabi_ldiv0
 .text.__errno  0x0000000008003a64        0xc c:/users/lap tech/appdata/roaming/xpacks/@xpack-dev-tools/arm-none-eabi-gcc/10.3.1-2.3.1/.content/bin/../lib/gcc/arm-none-eabi/10.3.1/../../../../arm-none-eabi/lib/thumb/v7e-m+fp/softfp\libg_nano.a(lib_a-errno.o)
                0x0000000008003a64                __errno
 .text.exit     0x0000000008003a70       0x28 c:/users/lap tech/appdata/roaming/xpacks/@xpack-dev-tools/arm-none-eabi-gcc/10.3.1-2.3.1/.content/bin/../lib/gcc/arm-none-eabi/10.3.1/../../../../arm-none-eabi/lib/thumb/v7e-m+fp/softfp\libg_nano.a(lib_a-exit.o)
                0x0000000008003a70                exit
 .text.std      0x0000000008003a98       0x48 c:/users/lap tech/appdata/roaming/xpacks/@xpack-dev-tools/arm-none-eabi-gcc/10.3.1-2.3.1/.content/bin/../lib/gcc/arm-none-eabi/10.3.1/../../../../arm-none-eabi/lib/thumb/v7e-m+fp/softfp\libg_nano.a(lib_a-findfp.o)
 .text._cleanup_r
                0x0000000008003ae0        0xc c:/users/lap tech/appdata/roaming/xpacks/@xpack-dev-tools/arm-none-eabi-gcc/10.3.1-2.3.1/.content/bin/../lib/gcc/arm-none-eabi/10.3.1/../../../../arm-none-eabi/lib/thumb/v7e-m+fp/softfp\libg_nano.a(lib_a-findfp.o)
                0x0000000008003ae0                _cleanup_r
 .text.__sfmoreglue
                0x0000000008003aec       0x2c c:/users/lap tech/appdata/roaming/xpacks/@xpack-dev-tools/arm-none-eabi-gcc/10.3.1-2.3.1/.content/bin/../lib/gcc/arm-none-eabi/10.3.1/../../../../arm-none-eabi/lib/thumb/v7e-m+fp/softfp\libg_nano.a(lib_a-findfp.o)
                0x0000000008003aec                __sfmoreglue
 .text.__sfp_lock_acquire
                0x0000000008003b18        0xc c:/users/lap tech/appdata/roaming/xpacks/@xpack-dev-tools/arm-none-eabi-gcc/10.3.1-2.3.1/.content/bin/../lib/gcc/arm-none-eabi/10.3.1/../../../../arm-none-eabi/lib/thumb/v7e-m+fp/softfp\libg_nano.a(lib_a-findfp.o)
                0x0000000008003b18                __sfp_lock_acquire
 .text.__sfp_lock_release
                0x0000000008003b24        0xc c:/users/lap tech/appdata/roaming/xpacks/@xpack-dev-tools/arm-none-eabi-gcc/10.3.1-2.3.1/.content/bin/../lib/gcc/arm-none-eabi/10.3.1/../../../../arm-none-eabi/lib/thumb/v7e-m+fp/softfp\libg_nano.a(lib_a-findfp.o)
                0x0000000008003b24                __sfp_lock_release
 .text.__sinit_lock_acquire
                0x0000000008003b30        0xc c:/users/lap tech/appdata/roaming/xpacks/@xpack-dev-tools/arm-none-eabi-gcc/10.3.1-2.3.1/.content/bin/../lib/gcc/arm-none-eabi/10.3.1/../../../../arm-none-eabi/lib/thumb/v7e-m+fp/softfp\libg_nano.a(lib_a-findfp.o)
                0x0000000008003b30                __sinit_lock_acquire
 .text.__sinit_lock_release
                0x0000000008003b3c        0xc c:/users/lap tech/appdata/roaming/xpacks/@xpack-dev-tools/arm-none-eabi-gcc/10.3.1-2.3.1/.content/bin/../lib/gcc/arm-none-eabi/10.3.1/../../../../arm-none-eabi/lib/thumb/v7e-m+fp/softfp\libg_nano.a(lib_a-findfp.o)
                0x0000000008003b3c                __sinit_lock_release
 .text.__sinit  0x0000000008003b48       0x70 c:/users/lap tech/appdata/roaming/xpacks/@xpack-dev-tools/arm-none-eabi-gcc/10.3.1-2.3.1/.content/bin/../lib/gcc/arm-none-eabi/10.3.1/../../../../arm-none-eabi/lib/thumb/v7e-m+fp/softfp\libg_nano.a(lib_a-findfp.o)
                0x0000000008003b48                __sinit
 .text.__sfp    0x0000000008003bb8       0x8c c:/users/lap tech/appdata/roaming/xpacks/@xpack-dev-tools/arm-none-eabi-gcc/10.3.1-2.3.1/.content/bin/../lib/gcc/arm-none-eabi/10.3.1/../../../../arm-none-eabi/lib/thumb/v7e-m+fp/softfp\libg_nano.a(lib_a-findfp.o)
                0x0000000008003bb8                __sfp
 .text._fwalk_reent
                0x0000000008003c44       0x3e c:/users/lap tech/appdata/roaming/xpacks/@xpack-dev-tools/arm-none-eabi-gcc/10.3.1-2.3.1/.content/bin/../lib/gcc/arm-none-eabi/10.3.1/../../../../arm-none-eabi/lib/thumb/v7e-m+fp/softfp\libg_nano.a(lib_a-fwalk.o)
                0x0000000008003c44                _fwalk_reent
 .text.__retarget_lock_init_recursive
                0x0000000008003c82        0x2 c:/users/lap tech/appdata/roaming/xpacks/@xpack-dev-tools/arm-none-eabi-gcc/10.3.1-2.3.1/.content/bin/../lib/gcc/arm-none-eabi/10.3.1/../../../../arm-none-eabi/lib/thumb/v7e-m+fp/softfp\libg_nano.a(lib_a-lock.o)
                0x0000000008003c82                __retarget_lock_init_recursive
 .text.__retarget_lock_acquire_recursive
                0x0000000008003c84        0x2 c:/users/lap tech/appdata/roaming/xpacks/@xpack-dev-tools/arm-none-eabi-gcc/10.3.1-2.3.1/.content/bin/../lib/gcc/arm-none-eabi/10.3.1/../../../../arm-none-eabi/lib/thumb/v7e-m+fp/softfp\libg_nano.a(lib_a-lock.o)
                0x0000000008003c84                __retarget_lock_acquire_recursive
 .text.__retarget_lock_release_recursive
                0x0000000008003c86        0x2 c:/users/lap tech/appdata/roaming/xpacks/@xpack-dev-tools/arm-none-eabi-gcc/10.3.1-2.3.1/.content/bin/../lib/gcc/arm-none-eabi/10.3.1/../../../../arm-none-eabi/lib/thumb/v7e-m+fp/softfp\libg_nano.a(lib_a-lock.o)
                0x0000000008003c86                __retarget_lock_release_recursive
 .text.memcpy   0x0000000008003c88       0x1c c:/users/lap tech/appdata/roaming/xpacks/@xpack-dev-tools/arm-none-eabi-gcc/10.3.1-2.3.1/.content/bin/../lib/gcc/arm-none-eabi/10.3.1/../../../../arm-none-eabi/lib/thumb/v7e-m+fp/softfp\libg_nano.a(lib_a-memcpy-stub.o)
                0x0000000008003c88                memcpy
 .text.memset   0x0000000008003ca4       0x10 c:/users/lap tech/appdata/roaming/xpacks/@xpack-dev-tools/arm-none-eabi-gcc/10.3.1-2.3.1/.content/bin/../lib/gcc/arm-none-eabi/10.3.1/../../../../arm-none-eabi/lib/thumb/v7e-m+fp/softfp\libg_nano.a(lib_a-memset.o)
                0x0000000008003ca4                memset
 .text.sbrk_aligned
                0x0000000008003cb4       0x40 c:/users/lap tech/appdata/roaming/xpacks/@xpack-dev-tools/arm-none-eabi-gcc/10.3.1-2.3.1/.content/bin/../lib/gcc/arm-none-eabi/10.3.1/../../../../arm-none-eabi/lib/thumb/v7e-m+fp/softfp\libg_nano.a(lib_a-nano-mallocr.o)
 .text._malloc_r
                0x0000000008003cf4       0xe8 c:/users/lap tech/appdata/roaming/xpacks/@xpack-dev-tools/arm-none-eabi-gcc/10.3.1-2.3.1/.content/bin/../lib/gcc/arm-none-eabi/10.3.1/../../../../arm-none-eabi/lib/thumb/v7e-m+fp/softfp\libg_nano.a(lib_a-nano-mallocr.o)
                0x0000000008003cf4                _malloc_r
 .text.printf   0x0000000008003ddc       0x30 c:/users/lap tech/appdata/roaming/xpacks/@xpack-dev-tools/arm-none-eabi-gcc/10.3.1-2.3.1/.content/bin/../lib/gcc/arm-none-eabi/10.3.1/../../../../arm-none-eabi/lib/thumb/v7e-m+fp/softfp\libg_nano.a(lib_a-printf.o)
                0x0000000008003ddc                iprintf
                0x0000000008003ddc                printf
 .text._puts_r  0x0000000008003e0c       0xdc c:/users/lap tech/appdata/roaming/xpacks/@xpack-dev-tools/arm-none-eabi-gcc/10.3.1-2.3.1/.content/bin/../lib/gcc/arm-none-eabi/10.3.1/../../../../arm-none-eabi/lib/thumb/v7e-m+fp/softfp\libg_nano.a(lib_a-puts.o)
                0x0000000008003e0c                _puts_r
 .text.puts     0x0000000008003ee8       0x10 c:/users/lap tech/appdata/roaming/xpacks/@xpack-dev-tools/arm-none-eabi-gcc/10.3.1-2.3.1/.content/bin/../lib/gcc/arm-none-eabi/10.3.1/../../../../arm-none-eabi/lib/thumb/v7e-m+fp/softfp\libg_nano.a(lib_a-puts.o)
                0x0000000008003ee8                puts
 .text.srand    0x0000000008003ef8       0x5c c:/users/lap tech/appdata/roaming/xpacks/@xpack-dev-tools/arm-none-eabi-gcc/10.3.1-2.3.1/.content/bin/../lib/gcc/arm-none-eabi/10.3.1/../../../../arm-none-eabi/lib/thumb/v7e-m+fp/softfp\libg_nano.a(lib_a-rand.o)
                0x0000000008003ef8                srand
 .text.rand     0x0000000008003f54       0x7c c:/users/lap tech/appdata/roaming/xpacks/@xpack-dev-tools/arm-none-eabi-gcc/10.3.1-2.3.1/.content/bin/../lib/gcc/arm-none-eabi/10.3.1/../../../../arm-none-eabi/lib/thumb/v7e-m+fp/softfp\libg_nano.a(lib_a-rand.o)
                0x0000000008003f54                rand
 .text._sbrk_r  0x0000000008003fd0       0x20 c:/users/lap tech/appdata/roaming/xpacks/@xpack-dev-tools/arm-none-eabi-gcc/10.3.1-2.3.1/.content/bin/../lib/gcc/arm-none-eabi/10.3.1/../../../../arm-none-eabi/lib/thumb/v7e-m+fp/softfp\libg_nano.a(lib_a-sbrkr.o)
                0x0000000008003fd0                _sbrk_r
 .text.sprintf  0x0000000008003ff0       0x40 c:/users/lap tech/appdata/roaming/xpacks/@xpack-dev-tools/arm-none-eabi-gcc/10.3.1-2.3.1/.content/bin/../lib/gcc/arm-none-eabi/10.3.1/../../../../arm-none-eabi/lib/thumb/v7e-m+fp/softfp\libg_nano.a(lib_a-sprintf.o)
                0x0000000008003ff0                siprintf
                0x0000000008003ff0                sprintf
 .text.__sread  0x0000000008004030       0x22 c:/users/lap tech/appdata/roaming/xpacks/@xpack-dev-tools/arm-none-eabi-gcc/10.3.1-2.3.1/.content/bin/../lib/gcc/arm-none-eabi/10.3.1/../../../../arm-none-eabi/lib/thumb/v7e-m+fp/softfp\libg_nano.a(lib_a-stdio.o)
                0x0000000008004030                __sread
 .text.__swrite
                0x0000000008004052       0x38 c:/users/lap tech/appdata/roaming/xpacks/@xpack-dev-tools/arm-none-eabi-gcc/10.3.1-2.3.1/.content/bin/../lib/gcc/arm-none-eabi/10.3.1/../../../../arm-none-eabi/lib/thumb/v7e-m+fp/softfp\libg_nano.a(lib_a-stdio.o)
                0x0000000008004052                __swrite
 .text.__sseek  0x000000000800408a       0x24 c:/users/lap tech/appdata/roaming/xpacks/@xpack-dev-tools/arm-none-eabi-gcc/10.3.1-2.3.1/.content/bin/../lib/gcc/arm-none-eabi/10.3.1/../../../../arm-none-eabi/lib/thumb/v7e-m+fp/softfp\libg_nano.a(lib_a-stdio.o)
                0x000000000800408a                __sseek
 .text.__sclose
                0x00000000080040ae        0x8 c:/users/lap tech/appdata/roaming/xpacks/@xpack-dev-tools/arm-none-eabi-gcc/10.3.1-2.3.1/.content/bin/../lib/gcc/arm-none-eabi/10.3.1/../../../../arm-none-eabi/lib/thumb/v7e-m+fp/softfp\libg_nano.a(lib_a-stdio.o)
                0x00000000080040ae                __sclose
 .text          0x00000000080040b6       0x14 c:/users/lap tech/appdata/roaming/xpacks/@xpack-dev-tools/arm-none-eabi-gcc/10.3.1-2.3.1/.content/bin/../lib/gcc/arm-none-eabi/10.3.1/../../../../arm-none-eabi/lib/thumb/v7e-m+fp/softfp\libg_nano.a(lib_a-strcmp.o)
                0x00000000080040b6                strcmp
 .text          0x00000000080040ca       0x10 c:/users/lap tech/appdata/roaming/xpacks/@xpack-dev-tools/arm-none-eabi-gcc/10.3.1-2.3.1/.content/bin/../lib/gcc/arm-none-eabi/10.3.1/../../../../arm-none-eabi/lib/thumb/v7e-m+fp/softfp\libg_nano.a(lib_a-strlen.o)
                0x00000000080040ca                strlen
 *fill*         0x00000000080040da        0x2 
 .text.time     0x00000000080040dc       0x34 c:/users/lap tech/appdata/roaming/xpacks/@xpack-dev-tools/arm-none-eabi-gcc/10.3.1-2.3.1/.content/bin/../lib/gcc/arm-none-eabi/10.3.1/../../../../arm-none-eabi/lib/thumb/v7e-m+fp/softfp\libg_nano.a(lib_a-time.o)
                0x00000000080040dc                time
 .text._vsnprintf_r
                0x0000000008004110       0x56 c:/users/lap tech/appdata/roaming/xpacks/@xpack-dev-tools/arm-none-eabi-gcc/10.3.1-2.3.1/.content/bin/../lib/gcc/arm-none-eabi/10.3.1/../../../../arm-none-eabi/lib/thumb/v7e-m+fp/softfp\libg_nano.a(lib_a-vsnprintf.o)
                0x0000000008004110                _vsniprintf_r
                0x0000000008004110                _vsnprintf_r
 *fill*         0x0000000008004166        0x2 
 .text.vsnprintf
                0x0000000008004168       0x1c c:/users/lap tech/appdata/roaming/xpacks/@xpack-dev-tools/arm-none-eabi-gcc/10.3.1-2.3.1/.content/bin/../lib/gcc/arm-none-eabi/10.3.1/../../../../arm-none-eabi/lib/thumb/v7e-m+fp/softfp\libg_nano.a(lib_a-vsnprintf.o)
                0x0000000008004168                vsniprintf
                0x0000000008004168                vsnprintf
 .text.__swbuf_r
                0x0000000008004184       0xa4 c:/users/lap tech/appdata/roaming/xpacks/@xpack-dev-tools/arm-none-eabi-gcc/10.3.1-2.3.1/.content/bin/../lib/gcc/arm-none-eabi/10.3.1/../../../../arm-none-eabi/lib/thumb/v7e-m+fp/softfp\libg_nano.a(lib_a-wbuf.o)
                0x0000000008004184                __swbuf_r
 .text._write_r
                0x0000000008004228       0x24 c:/users/lap tech/appdata/roaming/xpacks/@xpack-dev-tools/arm-none-eabi-gcc/10.3.1-2.3.1/.content/bin/../lib/gcc/arm-none-eabi/10.3.1/../../../../arm-none-eabi/lib/thumb/v7e-m+fp/softfp\libg_nano.a(lib_a-writer.o)
                0x0000000008004228                _write_r
 .text.__swsetup_r
                0x000000000800424c       0xdc c:/users/lap tech/appdata/roaming/xpacks/@xpack-dev-tools/arm-none-eabi-gcc/10.3.1-2.3.1/.content/bin/../lib/gcc/arm-none-eabi/10.3.1/../../../../arm-none-eabi/lib/thumb/v7e-m+fp/softfp\libg_nano.a(lib_a-wsetup.o)
                0x000000000800424c                __swsetup_r
 .text._close_r
                0x0000000008004328       0x20 c:/users/lap tech/appdata/roaming/xpacks/@xpack-dev-tools/arm-none-eabi-gcc/10.3.1-2.3.1/.content/bin/../lib/gcc/arm-none-eabi/10.3.1/../../../../arm-none-eabi/lib/thumb/v7e-m+fp/softfp\libg_nano.a(lib_a-closer.o)
                0x0000000008004328                _close_r
 .text.__sflush_r
                0x0000000008004348      0x10c c:/users/lap tech/appdata/roaming/xpacks/@xpack-dev-tools/arm-none-eabi-gcc/10.3.1-2.3.1/.content/bin/../lib/gcc/arm-none-eabi/10.3.1/../../../../arm-none-eabi/lib/thumb/v7e-m+fp/softfp\libg_nano.a(lib_a-fflush.o)
                0x0000000008004348                __sflush_r
 .text._fflush_r
                0x0000000008004454       0x78 c:/users/lap tech/appdata/roaming/xpacks/@xpack-dev-tools/arm-none-eabi-gcc/10.3.1-2.3.1/.content/bin/../lib/gcc/arm-none-eabi/10.3.1/../../../../arm-none-eabi/lib/thumb/v7e-m+fp/softfp\libg_nano.a(lib_a-fflush.o)
                0x0000000008004454                _fflush_r
 .text._gettimeofday_r
                0x00000000080044cc       0x24 c:/users/lap tech/appdata/roaming/xpacks/@xpack-dev-tools/arm-none-eabi-gcc/10.3.1-2.3.1/.content/bin/../lib/gcc/arm-none-eabi/10.3.1/../../../../arm-none-eabi/lib/thumb/v7e-m+fp/softfp\libg_nano.a(lib_a-gettimeofdayr.o)
                0x00000000080044cc                _gettimeofday_r
 .text._lseek_r
                0x00000000080044f0       0x24 c:/users/lap tech/appdata/roaming/xpacks/@xpack-dev-tools/arm-none-eabi-gcc/10.3.1-2.3.1/.content/bin/../lib/gcc/arm-none-eabi/10.3.1/../../../../arm-none-eabi/lib/thumb/v7e-m+fp/softfp\libg_nano.a(lib_a-lseekr.o)
                0x00000000080044f0                _lseek_r
 .text.__swhatbuf_r
                0x0000000008004514       0x4a c:/users/lap tech/appdata/roaming/xpacks/@xpack-dev-tools/arm-none-eabi-gcc/10.3.1-2.3.1/.content/bin/../lib/gcc/arm-none-eabi/10.3.1/../../../../arm-none-eabi/lib/thumb/v7e-m+fp/softfp\libg_nano.a(lib_a-makebuf.o)
                0x0000000008004514                __swhatbuf_r
 *fill*         0x000000000800455e        0x2 
 .text.__smakebuf_r
                0x0000000008004560       0x80 c:/users/lap tech/appdata/roaming/xpacks/@xpack-dev-tools/arm-none-eabi-gcc/10.3.1-2.3.1/.content/bin/../lib/gcc/arm-none-eabi/10.3.1/../../../../arm-none-eabi/lib/thumb/v7e-m+fp/softfp\libg_nano.a(lib_a-makebuf.o)
                0x0000000008004560                __smakebuf_r
 .text.malloc   0x00000000080045e0       0x10 c:/users/lap tech/appdata/roaming/xpacks/@xpack-dev-tools/arm-none-eabi-gcc/10.3.1-2.3.1/.content/bin/../lib/gcc/arm-none-eabi/10.3.1/../../../../arm-none-eabi/lib/thumb/v7e-m+fp/softfp\libg_nano.a(lib_a-malloc.o)
                0x00000000080045e0                malloc
 .text.__malloc_lock
                0x00000000080045f0        0xc c:/users/lap tech/appdata/roaming/xpacks/@xpack-dev-tools/arm-none-eabi-gcc/10.3.1-2.3.1/.content/bin/../lib/gcc/arm-none-eabi/10.3.1/../../../../arm-none-eabi/lib/thumb/v7e-m+fp/softfp\libg_nano.a(lib_a-mlock.o)
                0x00000000080045f0                __malloc_lock
 .text.__malloc_unlock
                0x00000000080045fc        0xc c:/users/lap tech/appdata/roaming/xpacks/@xpack-dev-tools/arm-none-eabi-gcc/10.3.1-2.3.1/.content/bin/../lib/gcc/arm-none-eabi/10.3.1/../../../../arm-none-eabi/lib/thumb/v7e-m+fp/softfp\libg_nano.a(lib_a-mlock.o)
                0x00000000080045fc                __malloc_unlock
 .text._free_r  0x0000000008004608       0x98 c:/users/lap tech/appdata/roaming/xpacks/@xpack-dev-tools/arm-none-eabi-gcc/10.3.1-2.3.1/.content/bin/../lib/gcc/arm-none-eabi/10.3.1/../../../../arm-none-eabi/lib/thumb/v7e-m+fp/softfp\libg_nano.a(lib_a-nano-freer.o)
                0x0000000008004608                _free_r
 .text.__ssputs_r
                0x00000000080046a0       0xb6 c:/users/lap tech/appdata/roaming/xpacks/@xpack-dev-tools/arm-none-eabi-gcc/10.3.1-2.3.1/.content/bin/../lib/gcc/arm-none-eabi/10.3.1/../../../../arm-none-eabi/lib/thumb/v7e-m+fp/softfp\libg_nano.a(lib_a-nano-svfprintf.o)
                0x00000000080046a0                __ssputs_r
 *fill*         0x0000000008004756        0x2 
 .text._svfprintf_r
                0x0000000008004758      0x200 c:/users/lap tech/appdata/roaming/xpacks/@xpack-dev-tools/arm-none-eabi-gcc/10.3.1-2.3.1/.content/bin/../lib/gcc/arm-none-eabi/10.3.1/../../../../arm-none-eabi/lib/thumb/v7e-m+fp/softfp\libg_nano.a(lib_a-nano-svfprintf.o)
                0x0000000008004758                _svfiprintf_r
                0x0000000008004758                _svfprintf_r
 .text._printf_common
                0x0000000008004958       0xda c:/users/lap tech/appdata/roaming/xpacks/@xpack-dev-tools/arm-none-eabi-gcc/10.3.1-2.3.1/.content/bin/../lib/gcc/arm-none-eabi/10.3.1/../../../../arm-none-eabi/lib/thumb/v7e-m+fp/softfp\libg_nano.a(lib_a-nano-vfprintf_i.o)
                0x0000000008004958                _printf_common
 *fill*         0x0000000008004a32        0x2 
 .text._printf_i
                0x0000000008004a34      0x24c c:/users/lap tech/appdata/roaming/xpacks/@xpack-dev-tools/arm-none-eabi-gcc/10.3.1-2.3.1/.content/bin/../lib/gcc/arm-none-eabi/10.3.1/../../../../arm-none-eabi/lib/thumb/v7e-m+fp/softfp\libg_nano.a(lib_a-nano-vfprintf_i.o)
                0x0000000008004a34                _printf_i
 .text.__sfputc_r
                0x0000000008004c80       0x2e c:/users/lap tech/appdata/roaming/xpacks/@xpack-dev-tools/arm-none-eabi-gcc/10.3.1-2.3.1/.content/bin/../lib/gcc/arm-none-eabi/10.3.1/../../../../arm-none-eabi/lib/thumb/v7e-m+fp/softfp\libg_nano.a(lib_a-nano-vfprintf.o)
 .text.__sfputs_r
                0x0000000008004cae       0x24 c:/users/lap tech/appdata/roaming/xpacks/@xpack-dev-tools/arm-none-eabi-gcc/10.3.1-2.3.1/.content/bin/../lib/gcc/arm-none-eabi/10.3.1/../../../../arm-none-eabi/lib/thumb/v7e-m+fp/softfp\libg_nano.a(lib_a-nano-vfprintf.o)
                0x0000000008004cae                __sfputs_r
 *fill*         0x0000000008004cd2        0x2 
 .text._vfprintf_r
                0x0000000008004cd4      0x260 c:/users/lap tech/appdata/roaming/xpacks/@xpack-dev-tools/arm-none-eabi-gcc/10.3.1-2.3.1/.content/bin/../lib/gcc/arm-none-eabi/10.3.1/../../../../arm-none-eabi/lib/thumb/v7e-m+fp/softfp\libg_nano.a(lib_a-nano-vfprintf.o)
                0x0000000008004cd4                _vfprintf_r
                0x0000000008004cd4                _vfiprintf_r
 .text._read_r  0x0000000008004f34       0x24 c:/users/lap tech/appdata/roaming/xpacks/@xpack-dev-tools/arm-none-eabi-gcc/10.3.1-2.3.1/.content/bin/../lib/gcc/arm-none-eabi/10.3.1/../../../../arm-none-eabi/lib/thumb/v7e-m+fp/softfp\libg_nano.a(lib_a-readr.o)
                0x0000000008004f34                _read_r
 .text._fstat_r
                0x0000000008004f58       0x24 c:/users/lap tech/appdata/roaming/xpacks/@xpack-dev-tools/arm-none-eabi-gcc/10.3.1-2.3.1/.content/bin/../lib/gcc/arm-none-eabi/10.3.1/../../../../arm-none-eabi/lib/thumb/v7e-m+fp/softfp\libg_nano.a(lib_a-fstatr.o)
                0x0000000008004f58                _fstat_r
 .text._isatty_r
                0x0000000008004f7c       0x20 c:/users/lap tech/appdata/roaming/xpacks/@xpack-dev-tools/arm-none-eabi-gcc/10.3.1-2.3.1/.content/bin/../lib/gcc/arm-none-eabi/10.3.1/../../../../arm-none-eabi/lib/thumb/v7e-m+fp/softfp\libg_nano.a(lib_a-isattyr.o)
                0x0000000008004f7c                _isatty_r
 *fill*         0x0000000008004f9c        0x4 
 .text          0x0000000008004fa0       0xa0 c:/users/lap tech/appdata/roaming/xpacks/@xpack-dev-tools/arm-none-eabi-gcc/10.3.1-2.3.1/.content/bin/../lib/gcc/arm-none-eabi/10.3.1/../../../../arm-none-eabi/lib/thumb/v7e-m+fp/softfp\libg_nano.a(lib_a-memchr.o)
                0x0000000008004fa0                memchr
 .text.memmove  0x0000000008005040       0x34 c:/users/lap tech/appdata/roaming/xpacks/@xpack-dev-tools/arm-none-eabi-gcc/10.3.1-2.3.1/.content/bin/../lib/gcc/arm-none-eabi/10.3.1/../../../../arm-none-eabi/lib/thumb/v7e-m+fp/softfp\libg_nano.a(lib_a-memmove.o)
                0x0000000008005040                memmove
 .text._realloc_r
                0x0000000008005074       0x5e c:/users/lap tech/appdata/roaming/xpacks/@xpack-dev-tools/arm-none-eabi-gcc/10.3.1-2.3.1/.content/bin/../lib/gcc/arm-none-eabi/10.3.1/../../../../arm-none-eabi/lib/thumb/v7e-m+fp/softfp\libg_nano.a(lib_a-nano-reallocr.o)
                0x0000000008005074                _realloc_r
 .text._malloc_usable_size_r
                0x00000000080050d2       0x10 c:/users/lap tech/appdata/roaming/xpacks/@xpack-dev-tools/arm-none-eabi-gcc/10.3.1-2.3.1/.content/bin/../lib/gcc/arm-none-eabi/10.3.1/../../../../arm-none-eabi/lib/thumb/v7e-m+fp/softfp\libg_nano.a(lib_a-nano-msizer.o)
                0x00000000080050d2                _malloc_usable_size_r
 *(.rodata .rodata.* .constdata .constdata.*)
 *fill*         0x00000000080050e2        0x2 
 .rodata.vTaskStartScheduler.str1.4
                0x00000000080050e4        0x5 FreeRTOS Source\tasks.o
 *fill*         0x00000000080050e9        0x3 
 .rodata.prvCheckForValidListAndQueue.str1.4
                0x00000000080050ec        0x5 FreeRTOS Source\timers.o
 *fill*         0x00000000080050f1        0x3 
 .rodata.xTimerCreateTimerTask.str1.4
                0x00000000080050f4        0x8 FreeRTOS Source\timers.o
 .rodata.assert_failed.str1.4
                0x00000000080050fc       0x2d src\initialize-hardware.o
 *fill*         0x0000000008005129        0x3 
 .rodata.SenderTask1.str1.4
                0x000000000800512c       0x30 src\main.o
 .rodata.SenderTask2.str1.4
                0x000000000800515c       0x30 src\main.o
 .rodata.ReceiverTask.str1.4
                0x000000000800518c       0x19 src\main.o
 *fill*         0x00000000080051a5        0x3 
 .rodata.Reset_fun.str1.4
                0x00000000080051a8       0xd4 src\main.o
                                         0xd5 (size before relaxing)
 .rodata.main.str1.4
                0x000000000800527c       0x33 src\main.o
 *fill*         0x00000000080052af        0x1 
 .rodata        0x00000000080052b0       0x30 src\main.o
 .rodata.AHBPrescTable
                0x00000000080052e0       0x10 system\src\cmsis\system_stm32f4xx.o
                0x00000000080052e0                AHBPrescTable
 .rodata.dumpExceptionStack.str1.4
                0x00000000080052f0      0x11a system\src\cortexm\exception-handlers.o
 *fill*         0x000000000800540a        0x2 
 .rodata.isSemihosting.str1.4
                0x000000000800540c        0x4 system\src\cortexm\exception-handlers.o
 .rodata.str1.4
                0x0000000008005410       0x2a system\src\cortexm\exception-handlers.o
 .rodata.trace_puts.str1.4
                0x000000000800543a       0x2a system\src\diag\trace.o
                                          0x2 (size before relaxing)
 *fill*         0x000000000800543a        0x2 
 .rodata.__assert_func.str1.4
                0x000000000800543c       0x3f system\src\newlib\assert.o
                                         0x43 (size before relaxing)
 *fill*         0x000000000800547b        0x1 
 .rodata.abort.str1.4
                0x000000000800547c       0x14 system\src\newlib\exit.o
 .rodata.initialise_monitor_handles.str1.4
                0x0000000008005490        0x4 system\src\newlib\syscalls.o
 .rodata.HAL_NVIC_SetPriorityGrouping.str1.4
                0x0000000008005490       0x31 system\src\stm32f4-hal\stm32f4xx_hal_cortex.o
 *fill*         0x00000000080054c1        0x3 
 .rodata.HAL_RCC_OscConfig.str1.4
                0x00000000080054c4       0x2e system\src\stm32f4-hal\stm32f4xx_hal_rcc.o
 .rodata._ctype_
                0x00000000080054f2      0x101 c:/users/lap tech/appdata/roaming/xpacks/@xpack-dev-tools/arm-none-eabi-gcc/10.3.1-2.3.1/.content/bin/../lib/gcc/arm-none-eabi/10.3.1/../../../../arm-none-eabi/lib/thumb/v7e-m+fp/softfp\libg_nano.a(lib_a-ctype_.o)
                0x00000000080054f2                _ctype_
 *fill*         0x00000000080055f3        0x1 
 .rodata.__sf_fake_stderr
                0x00000000080055f4       0x20 c:/users/lap tech/appdata/roaming/xpacks/@xpack-dev-tools/arm-none-eabi-gcc/10.3.1-2.3.1/.content/bin/../lib/gcc/arm-none-eabi/10.3.1/../../../../arm-none-eabi/lib/thumb/v7e-m+fp/softfp\libg_nano.a(lib_a-findfp.o)
                0x00000000080055f4                __sf_fake_stderr
 .rodata.__sf_fake_stdin
                0x0000000008005614       0x20 c:/users/lap tech/appdata/roaming/xpacks/@xpack-dev-tools/arm-none-eabi-gcc/10.3.1-2.3.1/.content/bin/../lib/gcc/arm-none-eabi/10.3.1/../../../../arm-none-eabi/lib/thumb/v7e-m+fp/softfp\libg_nano.a(lib_a-findfp.o)
                0x0000000008005614                __sf_fake_stdin
 .rodata.__sf_fake_stdout
                0x0000000008005634       0x20 c:/users/lap tech/appdata/roaming/xpacks/@xpack-dev-tools/arm-none-eabi-gcc/10.3.1-2.3.1/.content/bin/../lib/gcc/arm-none-eabi/10.3.1/../../../../arm-none-eabi/lib/thumb/v7e-m+fp/softfp\libg_nano.a(lib_a-findfp.o)
                0x0000000008005634                __sf_fake_stdout
 .rodata._global_impure_ptr
                0x0000000008005654        0x4 c:/users/lap tech/appdata/roaming/xpacks/@xpack-dev-tools/arm-none-eabi-gcc/10.3.1-2.3.1/.content/bin/../lib/gcc/arm-none-eabi/10.3.1/../../../../arm-none-eabi/lib/thumb/v7e-m+fp/softfp\libg_nano.a(lib_a-impure.o)
                0x0000000008005654                _global_impure_ptr
 .rodata.srand.str1.1
                0x0000000008005658       0x7b c:/users/lap tech/appdata/roaming/xpacks/@xpack-dev-tools/arm-none-eabi-gcc/10.3.1-2.3.1/.content/bin/../lib/gcc/arm-none-eabi/10.3.1/../../../../arm-none-eabi/lib/thumb/v7e-m+fp/softfp\libg_nano.a(lib_a-rand.o)
 .rodata._svfprintf_r.str1.1
                0x00000000080056d3       0x11 c:/users/lap tech/appdata/roaming/xpacks/@xpack-dev-tools/arm-none-eabi-gcc/10.3.1-2.3.1/.content/bin/../lib/gcc/arm-none-eabi/10.3.1/../../../../arm-none-eabi/lib/thumb/v7e-m+fp/softfp\libg_nano.a(lib_a-nano-svfprintf.o)
 .rodata._printf_i.str1.1
                0x00000000080056e4       0x22 c:/users/lap tech/appdata/roaming/xpacks/@xpack-dev-tools/arm-none-eabi-gcc/10.3.1-2.3.1/.content/bin/../lib/gcc/arm-none-eabi/10.3.1/../../../../arm-none-eabi/lib/thumb/v7e-m+fp/softfp\libg_nano.a(lib_a-nano-vfprintf_i.o)
 .rodata._vfprintf_r.str1.1
                0x0000000008005706       0x11 c:/users/lap tech/appdata/roaming/xpacks/@xpack-dev-tools/arm-none-eabi-gcc/10.3.1-2.3.1/.content/bin/../lib/gcc/arm-none-eabi/10.3.1/../../../../arm-none-eabi/lib/thumb/v7e-m+fp/softfp\libg_nano.a(lib_a-nano-vfprintf.o)
 *(vtable)
 *(.eh_frame*)
 *(.glue_7)
 .glue_7        0x0000000008005706        0x0 linker stubs
 *(.glue_7t)
 .glue_7t       0x0000000008005706        0x0 linker stubs

.vfp11_veneer   0x0000000008005708        0x0
 .vfp11_veneer  0x0000000008005708        0x0 linker stubs

.v4_bx          0x0000000008005708        0x0
 .v4_bx         0x0000000008005708        0x0 linker stubs

.iplt           0x0000000008005708        0x0
 .iplt          0x0000000008005708        0x0 FreeRTOS Source\portable\GCC\ARM_CM4F\port.o

.ARM.extab
 *(.ARM.extab* .gnu.linkonce.armextab.*)
                0x0000000008005708                . = ALIGN (0x4)
                0x0000000008005708                __exidx_start = .

.ARM.exidx      0x0000000008005708        0x8
 *(.ARM.exidx* .gnu.linkonce.armexidx.*)
 .ARM.exidx.text.__udivmoddi4
                0x0000000008005708        0x8 c:/users/lap tech/appdata/roaming/xpacks/@xpack-dev-tools/arm-none-eabi-gcc/10.3.1-2.3.1/.content/bin/../lib/gcc/arm-none-eabi/10.3.1/thumb/v7e-m+fp/softfp\libgcc.a(_udivmoddi4.o)
                0x0000000008005710                __exidx_end = .

.rel.dyn        0x0000000008005710        0x0
 .rel.iplt      0x0000000008005710        0x0 FreeRTOS Source\portable\GCC\ARM_CM4F\port.o
                0x0000000008005710                . = ALIGN (0x4)
                0x0000000008005710                _etext = .
                0x0000000008005710                __etext = .

.data_CCMRAM    0x0000000010000000        0x0 load address 0x0000000008005710
 FILL mask 0xff
 *(.data.CCMRAM .data.CCMRAM.*)
                0x0000000010000000                . = ALIGN (0x4)
                0x0000000008005710                _sidata = LOADADDR (.data)

.data           0x0000000020000000       0x7c load address 0x0000000008005710
 FILL mask 0xff
                0x0000000020000000                _sdata = .
                0x0000000020000000                __data_start__ = .
 *(.data_begin .data_begin.*)
 .data_begin    0x0000000020000000        0x4 system\src\newlib\startup.o
 *(.data .data.*)
 .data.uxCriticalNesting
                0x0000000020000004        0x4 FreeRTOS Source\portable\GCC\ARM_CM4F\port.o
 .data.SystemCoreClock
                0x0000000020000008        0x4 system\src\cmsis\system_stm32f4xx.o
                0x0000000020000008                SystemCoreClock
 .data.uwTickFreq
                0x000000002000000c        0x1 system\src\stm32f4-hal\stm32f4xx_hal.o
                0x000000002000000c                uwTickFreq
 *fill*         0x000000002000000d        0x3 ff
 .data.uwTickPrio
                0x0000000020000010        0x4 system\src\stm32f4-hal\stm32f4xx_hal.o
                0x0000000020000010                uwTickPrio
 .data._impure_ptr
                0x0000000020000014        0x4 c:/users/lap tech/appdata/roaming/xpacks/@xpack-dev-tools/arm-none-eabi-gcc/10.3.1-2.3.1/.content/bin/../lib/gcc/arm-none-eabi/10.3.1/../../../../arm-none-eabi/lib/thumb/v7e-m+fp/softfp\libg_nano.a(lib_a-impure.o)
                0x0000000020000014                _impure_ptr
 .data.impure_data
                0x0000000020000018       0x60 c:/users/lap tech/appdata/roaming/xpacks/@xpack-dev-tools/arm-none-eabi-gcc/10.3.1-2.3.1/.content/bin/../lib/gcc/arm-none-eabi/10.3.1/../../../../arm-none-eabi/lib/thumb/v7e-m+fp/softfp\libg_nano.a(lib_a-impure.o)
 *(.data_end .data_end.*)
 .data_end      0x0000000020000078        0x4 system\src\newlib\startup.o
                0x000000002000007c                . = ALIGN (0x4)
                0x000000002000007c                _edata = .
                0x000000002000007c                __data_end__ = .

.igot.plt       0x000000002000007c        0x0 load address 0x000000000800578c
 .igot.plt      0x000000002000007c        0x0 FreeRTOS Source\portable\GCC\ARM_CM4F\port.o

.bss_CCMRAM     0x0000000010000000        0x0
 *(.bss.CCMRAM .bss.CCMRAM.*)

.bss            0x000000002000007c    0x12f9c
                0x000000002000007c                __bss_start__ = .
                0x000000002000007c                _sbss = .
 *(.bss_begin .bss_begin.*)
 .bss_begin     0x000000002000007c        0x4 system\src\newlib\startup.o
 *(.bss .bss.*)
 .bss.ucMaxSysCallPriority
                0x0000000020000080        0x1 FreeRTOS Source\portable\GCC\ARM_CM4F\port.o
 *fill*         0x0000000020000081        0x3 
 .bss.ulMaxPRIGROUPValue
                0x0000000020000084        0x4 FreeRTOS Source\portable\GCC\ARM_CM4F\port.o
 .bss.pxEnd     0x0000000020000088        0x4 FreeRTOS Source\portable\MemMang\heap_4.o
 .bss.ucHeap    0x000000002000008c    0x12c00 FreeRTOS Source\portable\MemMang\heap_4.o
 .bss.xBlockAllocatedBit
                0x0000000020012c8c        0x4 FreeRTOS Source\portable\MemMang\heap_4.o
 .bss.xFreeBytesRemaining
                0x0000000020012c90        0x4 FreeRTOS Source\portable\MemMang\heap_4.o
 .bss.xMinimumEverFreeBytesRemaining
                0x0000000020012c94        0x4 FreeRTOS Source\portable\MemMang\heap_4.o
 .bss.xStart    0x0000000020012c98        0x8 FreeRTOS Source\portable\MemMang\heap_4.o
 .bss.xQueueRegistry
                0x0000000020012ca0       0x40 FreeRTOS Source\queue.o
                0x0000000020012ca0                xQueueRegistry
 .bss.pxCurrentTCB
                0x0000000020012ce0        0x4 FreeRTOS Source\tasks.o
                0x0000000020012ce0                pxCurrentTCB
 .bss.pxDelayedTaskList
                0x0000000020012ce4        0x4 FreeRTOS Source\tasks.o
 .bss.pxOverflowDelayedTaskList
                0x0000000020012ce8        0x4 FreeRTOS Source\tasks.o
 .bss.pxReadyTasksLists
                0x0000000020012cec       0x64 FreeRTOS Source\tasks.o
 .bss.uxCurrentNumberOfTasks
                0x0000000020012d50        0x4 FreeRTOS Source\tasks.o
 .bss.uxDeletedTasksWaitingCleanUp
                0x0000000020012d54        0x4 FreeRTOS Source\tasks.o
 .bss.uxPendedTicks
                0x0000000020012d58        0x4 FreeRTOS Source\tasks.o
 .bss.uxSchedulerSuspended
                0x0000000020012d5c        0x4 FreeRTOS Source\tasks.o
 .bss.uxTaskNumber
                0x0000000020012d60        0x4 FreeRTOS Source\tasks.o
 .bss.uxTopReadyPriority
                0x0000000020012d64        0x4 FreeRTOS Source\tasks.o
 .bss.xDelayedTaskList1
                0x0000000020012d68       0x14 FreeRTOS Source\tasks.o
 .bss.xDelayedTaskList2
                0x0000000020012d7c       0x14 FreeRTOS Source\tasks.o
 .bss.xIdleTaskHandle
                0x0000000020012d90        0x4 FreeRTOS Source\tasks.o
 .bss.xNextTaskUnblockTime
                0x0000000020012d94        0x4 FreeRTOS Source\tasks.o
 .bss.xNumOfOverflows
                0x0000000020012d98        0x4 FreeRTOS Source\tasks.o
 .bss.xPendingReadyList
                0x0000000020012d9c       0x14 FreeRTOS Source\tasks.o
 .bss.xSchedulerRunning
                0x0000000020012db0        0x4 FreeRTOS Source\tasks.o
 .bss.xSuspendedTaskList
                0x0000000020012db4       0x14 FreeRTOS Source\tasks.o
 .bss.xTasksWaitingTermination
                0x0000000020012dc8       0x14 FreeRTOS Source\tasks.o
 .bss.xTickCount
                0x0000000020012ddc        0x4 FreeRTOS Source\tasks.o
 .bss.xYieldPending
                0x0000000020012de0        0x4 FreeRTOS Source\tasks.o
 .bss.pxCurrentTimerList
                0x0000000020012de4        0x4 FreeRTOS Source\timers.o
 .bss.pxOverflowTimerList
                0x0000000020012de8        0x4 FreeRTOS Source\timers.o
 .bss.xActiveTimerList1
                0x0000000020012dec       0x14 FreeRTOS Source\timers.o
 .bss.xActiveTimerList2
                0x0000000020012e00       0x14 FreeRTOS Source\timers.o
 .bss.xLastTime.0
                0x0000000020012e14        0x4 FreeRTOS Source\timers.o
 .bss.xTimerQueue
                0x0000000020012e18        0x4 FreeRTOS Source\timers.o
 .bss.xTimerTaskHandle
                0x0000000020012e1c        0x4 FreeRTOS Source\timers.o
 .bss.Queue     0x0000000020012e20        0x4 src\main.o
                0x0000000020012e20                Queue
 .bss.Reset_call_count.0
                0x0000000020012e24        0x4 src\main.o
 .bss.SemReceiver
                0x0000000020012e28        0x4 src\main.o
                0x0000000020012e28                SemReceiver
 .bss.SemSender1
                0x0000000020012e2c        0x4 src\main.o
                0x0000000020012e2c                SemSender1
 .bss.SemSender2
                0x0000000020012e30        0x4 src\main.o
                0x0000000020012e30                SemSender2
 .bss.blocked   0x0000000020012e34        0x4 src\main.o
                0x0000000020012e34                blocked
 .bss.received  0x0000000020012e38        0x4 src\main.o
                0x0000000020012e38                received
 .bss.transmitted
                0x0000000020012e3c        0x4 src\main.o
                0x0000000020012e3c                transmitted
 .bss.xTimer1   0x0000000020012e40        0x4 src\main.o
 .bss.xTimer1Started
                0x0000000020012e44        0x4 src\main.o
                0x0000000020012e44                xTimer1Started
 .bss.xTimer2   0x0000000020012e48        0x4 src\main.o
 .bss.xTimer2Started
                0x0000000020012e4c        0x4 src\main.o
                0x0000000020012e4c                xTimer2Started
 .bss.xTimer3   0x0000000020012e50        0x4 src\main.o
 .bss.xTimer3Started
                0x0000000020012e54        0x4 src\main.o
                0x0000000020012e54                xTimer3Started
 .bss.buf.0     0x0000000020012e58       0x80 system\src\diag\trace.o
 .bss.current_heap_end.0
                0x0000000020012ed8        0x4 system\src\newlib\sbrk.o
 .bss.args_buf.1
                0x0000000020012edc       0x50 system\src\newlib\syscalls.o
 .bss.argv_buf.0
                0x0000000020012f2c       0x28 system\src\newlib\syscalls.o
 .bss.errno     0x0000000020012f54        0x4 system\src\newlib\syscalls.o
                0x0000000020012f54                errno
 .bss.monitor_stderr
                0x0000000020012f58        0x4 system\src\newlib\syscalls.o
 .bss.monitor_stdin
                0x0000000020012f5c        0x4 system\src\newlib\syscalls.o
 .bss.monitor_stdout
                0x0000000020012f60        0x4 system\src\newlib\syscalls.o
 .bss.openfiles
                0x0000000020012f64       0xa0 system\src\newlib\syscalls.o
 .bss.uwTick    0x0000000020013004        0x4 system\src\stm32f4-hal\stm32f4xx_hal.o
                0x0000000020013004                uwTick
 .bss.__lock___malloc_recursive_mutex
                0x0000000020013008        0x1 c:/users/lap tech/appdata/roaming/xpacks/@xpack-dev-tools/arm-none-eabi-gcc/10.3.1-2.3.1/.content/bin/../lib/gcc/arm-none-eabi/10.3.1/../../../../arm-none-eabi/lib/thumb/v7e-m+fp/softfp\libg_nano.a(lib_a-lock.o)
                0x0000000020013008                __lock___malloc_recursive_mutex
 .bss.__lock___sfp_recursive_mutex
                0x0000000020013009        0x1 c:/users/lap tech/appdata/roaming/xpacks/@xpack-dev-tools/arm-none-eabi-gcc/10.3.1-2.3.1/.content/bin/../lib/gcc/arm-none-eabi/10.3.1/../../../../arm-none-eabi/lib/thumb/v7e-m+fp/softfp\libg_nano.a(lib_a-lock.o)
                0x0000000020013009                __lock___sfp_recursive_mutex
 .bss.__lock___sinit_recursive_mutex
                0x000000002001300a        0x1 c:/users/lap tech/appdata/roaming/xpacks/@xpack-dev-tools/arm-none-eabi-gcc/10.3.1-2.3.1/.content/bin/../lib/gcc/arm-none-eabi/10.3.1/../../../../arm-none-eabi/lib/thumb/v7e-m+fp/softfp\libg_nano.a(lib_a-lock.o)
                0x000000002001300a                __lock___sinit_recursive_mutex
 *fill*         0x000000002001300b        0x1 
 .bss.__malloc_free_list
                0x000000002001300c        0x4 c:/users/lap tech/appdata/roaming/xpacks/@xpack-dev-tools/arm-none-eabi-gcc/10.3.1-2.3.1/.content/bin/../lib/gcc/arm-none-eabi/10.3.1/../../../../arm-none-eabi/lib/thumb/v7e-m+fp/softfp\libg_nano.a(lib_a-nano-mallocr.o)
                0x000000002001300c                __malloc_free_list
 .bss.__malloc_sbrk_start
                0x0000000020013010        0x4 c:/users/lap tech/appdata/roaming/xpacks/@xpack-dev-tools/arm-none-eabi-gcc/10.3.1-2.3.1/.content/bin/../lib/gcc/arm-none-eabi/10.3.1/../../../../arm-none-eabi/lib/thumb/v7e-m+fp/softfp\libg_nano.a(lib_a-nano-mallocr.o)
                0x0000000020013010                __malloc_sbrk_start
 *(COMMON)
 *(.bss_end .bss_end.*)
 .bss_end       0x0000000020013014        0x4 system\src\newlib\startup.o
                0x0000000020013018                . = ALIGN (0x4)
                0x0000000020013018                __bss_end__ = .
                0x0000000020013018                _ebss = .

.noinit_CCMRAM
 *(.noinit.CCMRAM .noinit.CCMRAM.*)

.noinit         0x0000000020013018        0x0
                0x0000000020013018                _noinit = .
 *(.noinit .noinit.*)
                0x0000000020013018                . = ALIGN (0x4)
                0x0000000020013018                _end_noinit = .
                [!provide]                        PROVIDE (end = _end_noinit)
                [!provide]                        PROVIDE (_end = _end_noinit)
                [!provide]                        PROVIDE (__end = _end_noinit)
                [!provide]                        PROVIDE (__end__ = _end_noinit)

._check_stack   0x0000000020013018      0x100
                0x0000000020013118                . = (. + _Minimum_Stack_Size)
 *fill*         0x0000000020013018      0x100 

.b1text
 *(.b1text)
 *(.b1rodata)
 *(.b1rodata.*)

.eb0text
 *(.eb0text)
 *(.eb0rodata)
 *(.eb0rodata.*)

.eb1text
 *(.eb1text)
 *(.eb1rodata)
 *(.eb1rodata.*)

.eb2text
 *(.eb2text)
 *(.eb2rodata)
 *(.eb2rodata.*)

.eb3text
 *(.eb3text)
 *(.eb3rodata)
 *(.eb3rodata.*)

.stab
 *(.stab)

.stabstr
 *(.stabstr)

.stab.excl
 *(.stab.excl)

.stab.exclstr
 *(.stab.exclstr)

.stab.index
 *(.stab.index)

.stab.indexstr
 *(.stab.indexstr)

.comment        0x0000000000000000       0x43
 *(.comment)
 .comment       0x0000000000000000       0x43 FreeRTOS Source\list.o
                                         0x44 (size before relaxing)
 .comment       0x0000000000000043       0x44 FreeRTOS Source\portable\GCC\ARM_CM4F\port.o
 .comment       0x0000000000000043       0x44 FreeRTOS Source\portable\MemMang\heap_4.o
 .comment       0x0000000000000043       0x44 FreeRTOS Source\queue.o
 .comment       0x0000000000000043       0x44 FreeRTOS Source\tasks.o
 .comment       0x0000000000000043       0x44 FreeRTOS Source\timers.o
 .comment       0x0000000000000043       0x44 src\initialize-hardware.o
 .comment       0x0000000000000043       0x44 src\main.o
 .comment       0x0000000000000043       0x44 src\stm32f4xx_hal_msp.o
 .comment       0x0000000000000043       0x44 system\src\cmsis\system_stm32f4xx.o
 .comment       0x0000000000000043       0x44 system\src\cmsis\vectors_stm32f407xx.o
 .comment       0x0000000000000043       0x44 system\src\cortexm\exception-handlers.o
 .comment       0x0000000000000043       0x44 system\src\cortexm\initialize-hardware.o
 .comment       0x0000000000000043       0x44 system\src\diag\trace-impl.o
 .comment       0x0000000000000043       0x44 system\src\diag\trace.o
 .comment       0x0000000000000043       0x44 system\src\newlib\assert.o
 .comment       0x0000000000000043       0x44 system\src\newlib\exit.o
 .comment       0x0000000000000043       0x44 system\src\newlib\sbrk.o
 .comment       0x0000000000000043       0x44 system\src\newlib\startup.o
 .comment       0x0000000000000043       0x44 system\src\newlib\syscalls.o
 .comment       0x0000000000000043       0x44 system\src\stm32f4-hal\stm32f4xx_hal.o
 .comment       0x0000000000000043       0x44 system\src\stm32f4-hal\stm32f4xx_hal_cortex.o
 .comment       0x0000000000000043       0x44 system\src\stm32f4-hal\stm32f4xx_hal_rcc.o
 .comment       0x0000000000000043       0x44 c:/users/lap tech/appdata/roaming/xpacks/@xpack-dev-tools/arm-none-eabi-gcc/10.3.1-2.3.1/.content/bin/../lib/gcc/arm-none-eabi/10.3.1/thumb/v7e-m+fp/softfp\libgcc.a(_udivmoddi4.o)
 .comment       0x0000000000000043       0x44 c:/users/lap tech/appdata/roaming/xpacks/@xpack-dev-tools/arm-none-eabi-gcc/10.3.1-2.3.1/.content/bin/../lib/gcc/arm-none-eabi/10.3.1/../../../../arm-none-eabi/lib/thumb/v7e-m+fp/softfp\libg_nano.a(lib_a-ctype_.o)
 .comment       0x0000000000000043       0x44 c:/users/lap tech/appdata/roaming/xpacks/@xpack-dev-tools/arm-none-eabi-gcc/10.3.1-2.3.1/.content/bin/../lib/gcc/arm-none-eabi/10.3.1/../../../../arm-none-eabi/lib/thumb/v7e-m+fp/softfp\libg_nano.a(lib_a-errno.o)
 .comment       0x0000000000000043       0x44 c:/users/lap tech/appdata/roaming/xpacks/@xpack-dev-tools/arm-none-eabi-gcc/10.3.1-2.3.1/.content/bin/../lib/gcc/arm-none-eabi/10.3.1/../../../../arm-none-eabi/lib/thumb/v7e-m+fp/softfp\libg_nano.a(lib_a-exit.o)
 .comment       0x0000000000000043       0x44 c:/users/lap tech/appdata/roaming/xpacks/@xpack-dev-tools/arm-none-eabi-gcc/10.3.1-2.3.1/.content/bin/../lib/gcc/arm-none-eabi/10.3.1/../../../../arm-none-eabi/lib/thumb/v7e-m+fp/softfp\libg_nano.a(lib_a-findfp.o)
 .comment       0x0000000000000043       0x44 c:/users/lap tech/appdata/roaming/xpacks/@xpack-dev-tools/arm-none-eabi-gcc/10.3.1-2.3.1/.content/bin/../lib/gcc/arm-none-eabi/10.3.1/../../../../arm-none-eabi/lib/thumb/v7e-m+fp/softfp\libg_nano.a(lib_a-fwalk.o)
 .comment       0x0000000000000043       0x44 c:/users/lap tech/appdata/roaming/xpacks/@xpack-dev-tools/arm-none-eabi-gcc/10.3.1-2.3.1/.content/bin/../lib/gcc/arm-none-eabi/10.3.1/../../../../arm-none-eabi/lib/thumb/v7e-m+fp/softfp\libg_nano.a(lib_a-impure.o)
 .comment       0x0000000000000043       0x44 c:/users/lap tech/appdata/roaming/xpacks/@xpack-dev-tools/arm-none-eabi-gcc/10.3.1-2.3.1/.content/bin/../lib/gcc/arm-none-eabi/10.3.1/../../../../arm-none-eabi/lib/thumb/v7e-m+fp/softfp\libg_nano.a(lib_a-lock.o)
 .comment       0x0000000000000043       0x44 c:/users/lap tech/appdata/roaming/xpacks/@xpack-dev-tools/arm-none-eabi-gcc/10.3.1-2.3.1/.content/bin/../lib/gcc/arm-none-eabi/10.3.1/../../../../arm-none-eabi/lib/thumb/v7e-m+fp/softfp\libg_nano.a(lib_a-memcpy-stub.o)
 .comment       0x0000000000000043       0x44 c:/users/lap tech/appdata/roaming/xpacks/@xpack-dev-tools/arm-none-eabi-gcc/10.3.1-2.3.1/.content/bin/../lib/gcc/arm-none-eabi/10.3.1/../../../../arm-none-eabi/lib/thumb/v7e-m+fp/softfp\libg_nano.a(lib_a-memset.o)
 .comment       0x0000000000000043       0x44 c:/users/lap tech/appdata/roaming/xpacks/@xpack-dev-tools/arm-none-eabi-gcc/10.3.1-2.3.1/.content/bin/../lib/gcc/arm-none-eabi/10.3.1/../../../../arm-none-eabi/lib/thumb/v7e-m+fp/softfp\libg_nano.a(lib_a-nano-mallocr.o)
 .comment       0x0000000000000043       0x44 c:/users/lap tech/appdata/roaming/xpacks/@xpack-dev-tools/arm-none-eabi-gcc/10.3.1-2.3.1/.content/bin/../lib/gcc/arm-none-eabi/10.3.1/../../../../arm-none-eabi/lib/thumb/v7e-m+fp/softfp\libg_nano.a(lib_a-printf.o)
 .comment       0x0000000000000043       0x44 c:/users/lap tech/appdata/roaming/xpacks/@xpack-dev-tools/arm-none-eabi-gcc/10.3.1-2.3.1/.content/bin/../lib/gcc/arm-none-eabi/10.3.1/../../../../arm-none-eabi/lib/thumb/v7e-m+fp/softfp\libg_nano.a(lib_a-puts.o)
 .comment       0x0000000000000043       0x44 c:/users/lap tech/appdata/roaming/xpacks/@xpack-dev-tools/arm-none-eabi-gcc/10.3.1-2.3.1/.content/bin/../lib/gcc/arm-none-eabi/10.3.1/../../../../arm-none-eabi/lib/thumb/v7e-m+fp/softfp\libg_nano.a(lib_a-rand.o)
 .comment       0x0000000000000043       0x44 c:/users/lap tech/appdata/roaming/xpacks/@xpack-dev-tools/arm-none-eabi-gcc/10.3.1-2.3.1/.content/bin/../lib/gcc/arm-none-eabi/10.3.1/../../../../arm-none-eabi/lib/thumb/v7e-m+fp/softfp\libg_nano.a(lib_a-sbrkr.o)
 .comment       0x0000000000000043       0x44 c:/users/lap tech/appdata/roaming/xpacks/@xpack-dev-tools/arm-none-eabi-gcc/10.3.1-2.3.1/.content/bin/../lib/gcc/arm-none-eabi/10.3.1/../../../../arm-none-eabi/lib/thumb/v7e-m+fp/softfp\libg_nano.a(lib_a-sprintf.o)
 .comment       0x0000000000000043       0x44 c:/users/lap tech/appdata/roaming/xpacks/@xpack-dev-tools/arm-none-eabi-gcc/10.3.1-2.3.1/.content/bin/../lib/gcc/arm-none-eabi/10.3.1/../../../../arm-none-eabi/lib/thumb/v7e-m+fp/softfp\libg_nano.a(lib_a-stdio.o)
 .comment       0x0000000000000043       0x44 c:/users/lap tech/appdata/roaming/xpacks/@xpack-dev-tools/arm-none-eabi-gcc/10.3.1-2.3.1/.content/bin/../lib/gcc/arm-none-eabi/10.3.1/../../../../arm-none-eabi/lib/thumb/v7e-m+fp/softfp\libg_nano.a(lib_a-time.o)
 .comment       0x0000000000000043       0x44 c:/users/lap tech/appdata/roaming/xpacks/@xpack-dev-tools/arm-none-eabi-gcc/10.3.1-2.3.1/.content/bin/../lib/gcc/arm-none-eabi/10.3.1/../../../../arm-none-eabi/lib/thumb/v7e-m+fp/softfp\libg_nano.a(lib_a-vsnprintf.o)
 .comment       0x0000000000000043       0x44 c:/users/lap tech/appdata/roaming/xpacks/@xpack-dev-tools/arm-none-eabi-gcc/10.3.1-2.3.1/.content/bin/../lib/gcc/arm-none-eabi/10.3.1/../../../../arm-none-eabi/lib/thumb/v7e-m+fp/softfp\libg_nano.a(lib_a-wbuf.o)
 .comment       0x0000000000000043       0x44 c:/users/lap tech/appdata/roaming/xpacks/@xpack-dev-tools/arm-none-eabi-gcc/10.3.1-2.3.1/.content/bin/../lib/gcc/arm-none-eabi/10.3.1/../../../../arm-none-eabi/lib/thumb/v7e-m+fp/softfp\libg_nano.a(lib_a-writer.o)
 .comment       0x0000000000000043       0x44 c:/users/lap tech/appdata/roaming/xpacks/@xpack-dev-tools/arm-none-eabi-gcc/10.3.1-2.3.1/.content/bin/../lib/gcc/arm-none-eabi/10.3.1/../../../../arm-none-eabi/lib/thumb/v7e-m+fp/softfp\libg_nano.a(lib_a-wsetup.o)
 .comment       0x0000000000000043       0x44 c:/users/lap tech/appdata/roaming/xpacks/@xpack-dev-tools/arm-none-eabi-gcc/10.3.1-2.3.1/.content/bin/../lib/gcc/arm-none-eabi/10.3.1/../../../../arm-none-eabi/lib/thumb/v7e-m+fp/softfp\libg_nano.a(lib_a-closer.o)
 .comment       0x0000000000000043       0x44 c:/users/lap tech/appdata/roaming/xpacks/@xpack-dev-tools/arm-none-eabi-gcc/10.3.1-2.3.1/.content/bin/../lib/gcc/arm-none-eabi/10.3.1/../../../../arm-none-eabi/lib/thumb/v7e-m+fp/softfp\libg_nano.a(lib_a-fflush.o)
 .comment       0x0000000000000043       0x44 c:/users/lap tech/appdata/roaming/xpacks/@xpack-dev-tools/arm-none-eabi-gcc/10.3.1-2.3.1/.content/bin/../lib/gcc/arm-none-eabi/10.3.1/../../../../arm-none-eabi/lib/thumb/v7e-m+fp/softfp\libg_nano.a(lib_a-gettimeofdayr.o)
 .comment       0x0000000000000043       0x44 c:/users/lap tech/appdata/roaming/xpacks/@xpack-dev-tools/arm-none-eabi-gcc/10.3.1-2.3.1/.content/bin/../lib/gcc/arm-none-eabi/10.3.1/../../../../arm-none-eabi/lib/thumb/v7e-m+fp/softfp\libg_nano.a(lib_a-lseekr.o)
 .comment       0x0000000000000043       0x44 c:/users/lap tech/appdata/roaming/xpacks/@xpack-dev-tools/arm-none-eabi-gcc/10.3.1-2.3.1/.content/bin/../lib/gcc/arm-none-eabi/10.3.1/../../../../arm-none-eabi/lib/thumb/v7e-m+fp/softfp\libg_nano.a(lib_a-makebuf.o)
 .comment       0x0000000000000043       0x44 c:/users/lap tech/appdata/roaming/xpacks/@xpack-dev-tools/arm-none-eabi-gcc/10.3.1-2.3.1/.content/bin/../lib/gcc/arm-none-eabi/10.3.1/../../../../arm-none-eabi/lib/thumb/v7e-m+fp/softfp\libg_nano.a(lib_a-malloc.o)
 .comment       0x0000000000000043       0x44 c:/users/lap tech/appdata/roaming/xpacks/@xpack-dev-tools/arm-none-eabi-gcc/10.3.1-2.3.1/.content/bin/../lib/gcc/arm-none-eabi/10.3.1/../../../../arm-none-eabi/lib/thumb/v7e-m+fp/softfp\libg_nano.a(lib_a-mlock.o)
 .comment       0x0000000000000043       0x44 c:/users/lap tech/appdata/roaming/xpacks/@xpack-dev-tools/arm-none-eabi-gcc/10.3.1-2.3.1/.content/bin/../lib/gcc/arm-none-eabi/10.3.1/../../../../arm-none-eabi/lib/thumb/v7e-m+fp/softfp\libg_nano.a(lib_a-nano-freer.o)
 .comment       0x0000000000000043       0x44 c:/users/lap tech/appdata/roaming/xpacks/@xpack-dev-tools/arm-none-eabi-gcc/10.3.1-2.3.1/.content/bin/../lib/gcc/arm-none-eabi/10.3.1/../../../../arm-none-eabi/lib/thumb/v7e-m+fp/softfp\libg_nano.a(lib_a-nano-svfprintf.o)
 .comment       0x0000000000000043       0x44 c:/users/lap tech/appdata/roaming/xpacks/@xpack-dev-tools/arm-none-eabi-gcc/10.3.1-2.3.1/.content/bin/../lib/gcc/arm-none-eabi/10.3.1/../../../../arm-none-eabi/lib/thumb/v7e-m+fp/softfp\libg_nano.a(lib_a-nano-vfprintf_i.o)
 .comment       0x0000000000000043       0x44 c:/users/lap tech/appdata/roaming/xpacks/@xpack-dev-tools/arm-none-eabi-gcc/10.3.1-2.3.1/.content/bin/../lib/gcc/arm-none-eabi/10.3.1/../../../../arm-none-eabi/lib/thumb/v7e-m+fp/softfp\libg_nano.a(lib_a-nano-vfprintf.o)
 .comment       0x0000000000000043       0x44 c:/users/lap tech/appdata/roaming/xpacks/@xpack-dev-tools/arm-none-eabi-gcc/10.3.1-2.3.1/.content/bin/../lib/gcc/arm-none-eabi/10.3.1/../../../../arm-none-eabi/lib/thumb/v7e-m+fp/softfp\libg_nano.a(lib_a-readr.o)
 .comment       0x0000000000000043       0x44 c:/users/lap tech/appdata/roaming/xpacks/@xpack-dev-tools/arm-none-eabi-gcc/10.3.1-2.3.1/.content/bin/../lib/gcc/arm-none-eabi/10.3.1/../../../../arm-none-eabi/lib/thumb/v7e-m+fp/softfp\libg_nano.a(lib_a-fstatr.o)
 .comment       0x0000000000000043       0x44 c:/users/lap tech/appdata/roaming/xpacks/@xpack-dev-tools/arm-none-eabi-gcc/10.3.1-2.3.1/.content/bin/../lib/gcc/arm-none-eabi/10.3.1/../../../../arm-none-eabi/lib/thumb/v7e-m+fp/softfp\libg_nano.a(lib_a-isattyr.o)
 .comment       0x0000000000000043       0x44 c:/users/lap tech/appdata/roaming/xpacks/@xpack-dev-tools/arm-none-eabi-gcc/10.3.1-2.3.1/.content/bin/../lib/gcc/arm-none-eabi/10.3.1/../../../../arm-none-eabi/lib/thumb/v7e-m+fp/softfp\libg_nano.a(lib_a-memmove.o)
 .comment       0x0000000000000043       0x44 c:/users/lap tech/appdata/roaming/xpacks/@xpack-dev-tools/arm-none-eabi-gcc/10.3.1-2.3.1/.content/bin/../lib/gcc/arm-none-eabi/10.3.1/../../../../arm-none-eabi/lib/thumb/v7e-m+fp/softfp\libg_nano.a(lib_a-nano-reallocr.o)
 .comment       0x0000000000000043       0x44 c:/users/lap tech/appdata/roaming/xpacks/@xpack-dev-tools/arm-none-eabi-gcc/10.3.1-2.3.1/.content/bin/../lib/gcc/arm-none-eabi/10.3.1/../../../../arm-none-eabi/lib/thumb/v7e-m+fp/softfp\libg_nano.a(lib_a-nano-msizer.o)

.ARM.attributes
                0x0000000000000000       0x30
 .ARM.attributes
                0x0000000000000000       0x32 FreeRTOS Source\list.o
 .ARM.attributes
                0x0000000000000032       0x32 FreeRTOS Source\portable\GCC\ARM_CM4F\port.o
 .ARM.attributes
                0x0000000000000064       0x32 FreeRTOS Source\portable\MemMang\heap_4.o
 .ARM.attributes
                0x0000000000000096       0x32 FreeRTOS Source\queue.o
 .ARM.attributes
                0x00000000000000c8       0x32 FreeRTOS Source\tasks.o
 .ARM.attributes
                0x00000000000000fa       0x32 FreeRTOS Source\timers.o
 .ARM.attributes
                0x000000000000012c       0x32 src\initialize-hardware.o
 .ARM.attributes
                0x000000000000015e       0x32 src\main.o
 .ARM.attributes
                0x0000000000000190       0x32 src\stm32f4xx_hal_msp.o
 .ARM.attributes
                0x00000000000001c2       0x32 system\src\cmsis\system_stm32f4xx.o
 .ARM.attributes
                0x00000000000001f4       0x32 system\src\cmsis\vectors_stm32f407xx.o
 .ARM.attributes
                0x0000000000000226       0x32 system\src\cortexm\exception-handlers.o
 .ARM.attributes
                0x0000000000000258       0x32 system\src\cortexm\initialize-hardware.o
 .ARM.attributes
                0x000000000000028a       0x32 system\src\diag\trace-impl.o
 .ARM.attributes
                0x00000000000002bc       0x32 system\src\diag\trace.o
 .ARM.attributes
                0x00000000000002ee       0x32 system\src\newlib\assert.o
 .ARM.attributes
                0x0000000000000320       0x32 system\src\newlib\exit.o
 .ARM.attributes
                0x0000000000000352       0x32 system\src\newlib\sbrk.o
 .ARM.attributes
                0x0000000000000384       0x32 system\src\newlib\startup.o
 .ARM.attributes
                0x00000000000003b6       0x32 system\src\newlib\syscalls.o
 .ARM.attributes
                0x00000000000003e8       0x32 system\src\stm32f4-hal\stm32f4xx_hal.o
 .ARM.attributes
                0x000000000000041a       0x32 system\src\stm32f4-hal\stm32f4xx_hal_cortex.o
 .ARM.attributes
                0x000000000000044c       0x32 system\src\stm32f4-hal\stm32f4xx_hal_rcc.o
 .ARM.attributes
                0x000000000000047e       0x1e c:/users/lap tech/appdata/roaming/xpacks/@xpack-dev-tools/arm-none-eabi-gcc/10.3.1-2.3.1/.content/bin/../lib/gcc/arm-none-eabi/10.3.1/thumb/v7e-m+fp/softfp\libgcc.a(_aeabi_uldivmod.o)
 .ARM.attributes
                0x000000000000049c       0x32 c:/users/lap tech/appdata/roaming/xpacks/@xpack-dev-tools/arm-none-eabi-gcc/10.3.1-2.3.1/.content/bin/../lib/gcc/arm-none-eabi/10.3.1/thumb/v7e-m+fp/softfp\libgcc.a(_udivmoddi4.o)
 .ARM.attributes
                0x00000000000004ce       0x1e c:/users/lap tech/appdata/roaming/xpacks/@xpack-dev-tools/arm-none-eabi-gcc/10.3.1-2.3.1/.content/bin/../lib/gcc/arm-none-eabi/10.3.1/thumb/v7e-m+fp/softfp\libgcc.a(_dvmd_tls.o)
 .ARM.attributes
                0x00000000000004ec       0x32 c:/users/lap tech/appdata/roaming/xpacks/@xpack-dev-tools/arm-none-eabi-gcc/10.3.1-2.3.1/.content/bin/../lib/gcc/arm-none-eabi/10.3.1/../../../../arm-none-eabi/lib/thumb/v7e-m+fp/softfp\libg_nano.a(lib_a-ctype_.o)
 .ARM.attributes
                0x000000000000051e       0x32 c:/users/lap tech/appdata/roaming/xpacks/@xpack-dev-tools/arm-none-eabi-gcc/10.3.1-2.3.1/.content/bin/../lib/gcc/arm-none-eabi/10.3.1/../../../../arm-none-eabi/lib/thumb/v7e-m+fp/softfp\libg_nano.a(lib_a-errno.o)
 .ARM.attributes
                0x0000000000000550       0x32 c:/users/lap tech/appdata/roaming/xpacks/@xpack-dev-tools/arm-none-eabi-gcc/10.3.1-2.3.1/.content/bin/../lib/gcc/arm-none-eabi/10.3.1/../../../../arm-none-eabi/lib/thumb/v7e-m+fp/softfp\libg_nano.a(lib_a-exit.o)
 .ARM.attributes
                0x0000000000000582       0x32 c:/users/lap tech/appdata/roaming/xpacks/@xpack-dev-tools/arm-none-eabi-gcc/10.3.1-2.3.1/.content/bin/../lib/gcc/arm-none-eabi/10.3.1/../../../../arm-none-eabi/lib/thumb/v7e-m+fp/softfp\libg_nano.a(lib_a-findfp.o)
 .ARM.attributes
                0x00000000000005b4       0x32 c:/users/lap tech/appdata/roaming/xpacks/@xpack-dev-tools/arm-none-eabi-gcc/10.3.1-2.3.1/.content/bin/../lib/gcc/arm-none-eabi/10.3.1/../../../../arm-none-eabi/lib/thumb/v7e-m+fp/softfp\libg_nano.a(lib_a-fwalk.o)
 .ARM.attributes
                0x00000000000005e6       0x32 c:/users/lap tech/appdata/roaming/xpacks/@xpack-dev-tools/arm-none-eabi-gcc/10.3.1-2.3.1/.content/bin/../lib/gcc/arm-none-eabi/10.3.1/../../../../arm-none-eabi/lib/thumb/v7e-m+fp/softfp\libg_nano.a(lib_a-impure.o)
 .ARM.attributes
                0x0000000000000618       0x32 c:/users/lap tech/appdata/roaming/xpacks/@xpack-dev-tools/arm-none-eabi-gcc/10.3.1-2.3.1/.content/bin/../lib/gcc/arm-none-eabi/10.3.1/../../../../arm-none-eabi/lib/thumb/v7e-m+fp/softfp\libg_nano.a(lib_a-lock.o)
 .ARM.attributes
                0x000000000000064a       0x32 c:/users/lap tech/appdata/roaming/xpacks/@xpack-dev-tools/arm-none-eabi-gcc/10.3.1-2.3.1/.content/bin/../lib/gcc/arm-none-eabi/10.3.1/../../../../arm-none-eabi/lib/thumb/v7e-m+fp/softfp\libg_nano.a(lib_a-memcpy-stub.o)
 .ARM.attributes
                0x000000000000067c       0x32 c:/users/lap tech/appdata/roaming/xpacks/@xpack-dev-tools/arm-none-eabi-gcc/10.3.1-2.3.1/.content/bin/../lib/gcc/arm-none-eabi/10.3.1/../../../../arm-none-eabi/lib/thumb/v7e-m+fp/softfp\libg_nano.a(lib_a-memset.o)
 .ARM.attributes